Archive member included to satisfy reference by file (symbol)

c:/st/stm32cubeide_1.5.1/stm32cubeide/plugins/com.st.stm32cube.ide.mcu.externaltools.gnu-tools-for-stm32.7-2018-q2-update.win32_1.5.0.202011040924/tools/bin/../lib/gcc/arm-none-eabi/7.3.1/../../../../arm-none-eabi/lib/thumb/v7e-m/fpv4-sp/hard\libstdc++_nano.a(pure.o)
                              Core/Src/mainpp.o (__cxa_pure_virtual)
c:/st/stm32cubeide_1.5.1/stm32cubeide/plugins/com.st.stm32cube.ide.mcu.externaltools.gnu-tools-for-stm32.7-2018-q2-update.win32_1.5.0.202011040924/tools/bin/../lib/gcc/arm-none-eabi/7.3.1/../../../../arm-none-eabi/lib/thumb/v7e-m/fpv4-sp/hard\libstdc++_nano.a(eh_terminate.o)
                              c:/st/stm32cubeide_1.5.1/stm32cubeide/plugins/com.st.stm32cube.ide.mcu.externaltools.gnu-tools-for-stm32.7-2018-q2-update.win32_1.5.0.202011040924/tools/bin/../lib/gcc/arm-none-eabi/7.3.1/../../../../arm-none-eabi/lib/thumb/v7e-m/fpv4-sp/hard\libstdc++_nano.a(pure.o) (std::terminate())
c:/st/stm32cubeide_1.5.1/stm32cubeide/plugins/com.st.stm32cube.ide.mcu.externaltools.gnu-tools-for-stm32.7-2018-q2-update.win32_1.5.0.202011040924/tools/bin/../lib/gcc/arm-none-eabi/7.3.1/../../../../arm-none-eabi/lib/thumb/v7e-m/fpv4-sp/hard\libstdc++_nano.a(eh_unex_handler.o)
                              c:/st/stm32cubeide_1.5.1/stm32cubeide/plugins/com.st.stm32cube.ide.mcu.externaltools.gnu-tools-for-stm32.7-2018-q2-update.win32_1.5.0.202011040924/tools/bin/../lib/gcc/arm-none-eabi/7.3.1/../../../../arm-none-eabi/lib/thumb/v7e-m/fpv4-sp/hard\libstdc++_nano.a(eh_terminate.o) (__cxxabiv1::__unexpected_handler)
c:/st/stm32cubeide_1.5.1/stm32cubeide/plugins/com.st.stm32cube.ide.mcu.externaltools.gnu-tools-for-stm32.7-2018-q2-update.win32_1.5.0.202011040924/tools/bin/../lib/gcc/arm-none-eabi/7.3.1/../../../../arm-none-eabi/lib/thumb/v7e-m/fpv4-sp/hard\libstdc++_nano.a(eh_term_handler.o)
                              c:/st/stm32cubeide_1.5.1/stm32cubeide/plugins/com.st.stm32cube.ide.mcu.externaltools.gnu-tools-for-stm32.7-2018-q2-update.win32_1.5.0.202011040924/tools/bin/../lib/gcc/arm-none-eabi/7.3.1/../../../../arm-none-eabi/lib/thumb/v7e-m/fpv4-sp/hard\libstdc++_nano.a(eh_terminate.o) (__cxxabiv1::__terminate_handler)
c:/st/stm32cubeide_1.5.1/stm32cubeide/plugins/com.st.stm32cube.ide.mcu.externaltools.gnu-tools-for-stm32.7-2018-q2-update.win32_1.5.0.202011040924/tools/bin/../lib/gcc/arm-none-eabi/7.3.1/../../../../arm-none-eabi/lib/thumb/v7e-m/fpv4-sp/hard\libc_nano.a(lib_a-abort.o)
                              c:/st/stm32cubeide_1.5.1/stm32cubeide/plugins/com.st.stm32cube.ide.mcu.externaltools.gnu-tools-for-stm32.7-2018-q2-update.win32_1.5.0.202011040924/tools/bin/../lib/gcc/arm-none-eabi/7.3.1/../../../../arm-none-eabi/lib/thumb/v7e-m/fpv4-sp/hard\libstdc++_nano.a(eh_terminate.o) (abort)
c:/st/stm32cubeide_1.5.1/stm32cubeide/plugins/com.st.stm32cube.ide.mcu.externaltools.gnu-tools-for-stm32.7-2018-q2-update.win32_1.5.0.202011040924/tools/bin/../lib/gcc/arm-none-eabi/7.3.1/../../../../arm-none-eabi/lib/thumb/v7e-m/fpv4-sp/hard\libc_nano.a(lib_a-errno.o)
                              Core/Src/syscalls.o (__errno)
c:/st/stm32cubeide_1.5.1/stm32cubeide/plugins/com.st.stm32cube.ide.mcu.externaltools.gnu-tools-for-stm32.7-2018-q2-update.win32_1.5.0.202011040924/tools/bin/../lib/gcc/arm-none-eabi/7.3.1/../../../../arm-none-eabi/lib/thumb/v7e-m/fpv4-sp/hard\libc_nano.a(lib_a-exit.o)
                              c:/st/stm32cubeide_1.5.1/stm32cubeide/plugins/com.st.stm32cube.ide.mcu.externaltools.gnu-tools-for-stm32.7-2018-q2-update.win32_1.5.0.202011040924/tools/bin/../lib/gcc/arm-none-eabi/7.3.1/../../../../arm-none-eabi/lib/thumb/v7e-m/fpv4-sp/hard/crt0.o (exit)
c:/st/stm32cubeide_1.5.1/stm32cubeide/plugins/com.st.stm32cube.ide.mcu.externaltools.gnu-tools-for-stm32.7-2018-q2-update.win32_1.5.0.202011040924/tools/bin/../lib/gcc/arm-none-eabi/7.3.1/../../../../arm-none-eabi/lib/thumb/v7e-m/fpv4-sp/hard\libc_nano.a(lib_a-impure.o)
                              c:/st/stm32cubeide_1.5.1/stm32cubeide/plugins/com.st.stm32cube.ide.mcu.externaltools.gnu-tools-for-stm32.7-2018-q2-update.win32_1.5.0.202011040924/tools/bin/../lib/gcc/arm-none-eabi/7.3.1/../../../../arm-none-eabi/lib/thumb/v7e-m/fpv4-sp/hard\libc_nano.a(lib_a-exit.o) (_global_impure_ptr)
c:/st/stm32cubeide_1.5.1/stm32cubeide/plugins/com.st.stm32cube.ide.mcu.externaltools.gnu-tools-for-stm32.7-2018-q2-update.win32_1.5.0.202011040924/tools/bin/../lib/gcc/arm-none-eabi/7.3.1/../../../../arm-none-eabi/lib/thumb/v7e-m/fpv4-sp/hard\libc_nano.a(lib_a-init.o)
                              c:/st/stm32cubeide_1.5.1/stm32cubeide/plugins/com.st.stm32cube.ide.mcu.externaltools.gnu-tools-for-stm32.7-2018-q2-update.win32_1.5.0.202011040924/tools/bin/../lib/gcc/arm-none-eabi/7.3.1/../../../../arm-none-eabi/lib/thumb/v7e-m/fpv4-sp/hard/crt0.o (__libc_init_array)
[...]
Memory Configuration

Name             Origin             Length             Attributes
CCMRAM           0x0000000010000000 0x0000000000010000 xrw
RAM              0x0000000020000000 0x0000000000020000 xrw
FLASH            0x0000000008000000 0x0000000000100000 xr
*default*        0x0000000000000000 0xffffffffffffffff

Linker script and memory map

LOAD c:/st/stm32cubeide_1.5.1/stm32cubeide/plugins/com.st.stm32cube.ide.mcu.externaltools.gnu-tools-for-stm32.7-2018-q2-update.win32_1.5.0.202011040924/tools/bin/../lib/gcc/arm-none-eabi/7.3.1/thumb/v7e-m/fpv4-sp/hard/crti.o
LOAD c:/st/stm32cubeide_1.5.1/stm32cubeide/plugins/com.st.stm32cube.ide.mcu.externaltools.gnu-tools-for-stm32.7-2018-q2-update.win32_1.5.0.202011040924/tools/bin/../lib/gcc/arm-none-eabi/7.3.1/thumb/v7e-m/fpv4-sp/hard/crtbegin.o
LOAD c:/st/stm32cubeide_1.5.1/stm32cubeide/plugins/com.st.stm32cube.ide.mcu.externaltools.gnu-tools-for-stm32.7-2018-q2-update.win32_1.5.0.202011040924/tools/bin/../lib/gcc/arm-none-eabi/7.3.1/../../../../arm-none-eabi/lib/thumb/v7e-m/fpv4-sp/hard/crt0.o
LOAD Core/Src/duration.o
LOAD Core/Src/main.o
LOAD Core/Src/mainpp.o
LOAD Core/Src/stm32f4xx_hal_msp.o
LOAD Core/Src/stm32f4xx_it.o
LOAD Core/Src/syscalls.o
LOAD Core/Src/sysmem.o
LOAD Core/Src/system_stm32f4xx.o
LOAD Core/Src/time.o
LOAD Core/Startup/startup_stm32f407vgtx.o
LOAD Drivers/STM32F4xx_HAL_Driver/Src/stm32f4xx_hal.o
LOAD Drivers/STM32F4xx_HAL_Driver/Src/stm32f4xx_hal_cortex.o
LOAD Drivers/STM32F4xx_HAL_Driver/Src/stm32f4xx_hal_dma.o
LOAD Drivers/STM32F4xx_HAL_Driver/Src/stm32f4xx_hal_dma_ex.o
LOAD Drivers/STM32F4xx_HAL_Driver/Src/stm32f4xx_hal_exti.o
LOAD Drivers/STM32F4xx_HAL_Driver/Src/stm32f4xx_hal_flash.o
LOAD Drivers/STM32F4xx_HAL_Driver/Src/stm32f4xx_hal_flash_ex.o
LOAD Drivers/STM32F4xx_HAL_Driver/Src/stm32f4xx_hal_flash_ramfunc.o
LOAD Drivers/STM32F4xx_HAL_Driver/Src/stm32f4xx_hal_gpio.o
LOAD Drivers/STM32F4xx_HAL_Driver/Src/stm32f4xx_hal_pwr.o
LOAD Drivers/STM32F4xx_HAL_Driver/Src/stm32f4xx_hal_pwr_ex.o
LOAD Drivers/STM32F4xx_HAL_Driver/Src/stm32f4xx_hal_rcc.o
LOAD Drivers/STM32F4xx_HAL_Driver/Src/stm32f4xx_hal_rcc_ex.o
LOAD Drivers/STM32F4xx_HAL_Driver/Src/stm32f4xx_hal_tim.o
LOAD Drivers/STM32F4xx_HAL_Driver/Src/stm32f4xx_hal_tim_ex.o
LOAD Drivers/STM32F4xx_HAL_Driver/Src/stm32f4xx_hal_uart.o
START GROUP
LOAD c:/st/stm32cubeide_1.5.1/stm32cubeide/plugins/com.st.stm32cube.ide.mcu.externaltools.gnu-tools-for-stm32.7-2018-q2-update.win32_1.5.0.202011040924/tools/bin/../lib/gcc/arm-none-eabi/7.3.1/../../../../arm-none-eabi/lib/thumb/v7e-m/fpv4-sp/hard\libstdc++_nano.a
LOAD c:/st/stm32cubeide_1.5.1/stm32cubeide/plugins/com.st.stm32cube.ide.mcu.externaltools.gnu-tools-for-stm32.7-2018-q2-update.win32_1.5.0.202011040924/tools/bin/../lib/gcc/arm-none-eabi/7.3.1/../../../../arm-none-eabi/lib/thumb/v7e-m/fpv4-sp/hard\libsupc++_nano.a
END GROUP
LOAD c:/st/stm32cubeide_1.5.1/stm32cubeide/plugins/com.st.stm32cube.ide.mcu.externaltools.gnu-tools-for-stm32.7-2018-q2-update.win32_1.5.0.202011040924/tools/bin/../lib/gcc/arm-none-eabi/7.3.1/../../../../arm-none-eabi/lib/thumb/v7e-m/fpv4-sp/hard\libstdc++_nano.a
LOAD c:/st/stm32cubeide_1.5.1/stm32cubeide/plugins/com.st.stm32cube.ide.mcu.externaltools.gnu-tools-for-stm32.7-2018-q2-update.win32_1.5.0.202011040924/tools/bin/../lib/gcc/arm-none-eabi/7.3.1/../../../../arm-none-eabi/lib/thumb/v7e-m/fpv4-sp/hard\libm.a
LOAD c:/st/stm32cubeide_1.5.1/stm32cubeide/plugins/com.st.stm32cube.ide.mcu.externaltools.gnu-tools-for-stm32.7-2018-q2-update.win32_1.5.0.202011040924/tools/bin/../lib/gcc/arm-none-eabi/7.3.1/../../../../arm-none-eabi/lib/thumb/v7e-m/fpv4-sp/hard\libc_nano.a
START GROUP
LOAD c:/st/stm32cubeide_1.5.1/stm32cubeide/plugins/com.st.stm32cube.ide.mcu.externaltools.gnu-tools-for-stm32.7-2018-q2-update.win32_1.5.0.202011040924/tools/bin/../lib/gcc/arm-none-eabi/7.3.1/thumb/v7e-m/fpv4-sp/hard\libgcc.a
LOAD c:/st/stm32cubeide_1.5.1/stm32cubeide/plugins/com.st.stm32cube.ide.mcu.externaltools.gnu-tools-for-stm32.7-2018-q2-update.win32_1.5.0.202011040924/tools/bin/../lib/gcc/arm-none-eabi/7.3.1/../../../../arm-none-eabi/lib/thumb/v7e-m/fpv4-sp/hard\libc_nano.a
END GROUP
START GROUP
LOAD c:/st/stm32cubeide_1.5.1/stm32cubeide/plugins/com.st.stm32cube.ide.mcu.externaltools.gnu-tools-for-stm32.7-2018-q2-update.win32_1.5.0.202011040924/tools/bin/../lib/gcc/arm-none-eabi/7.3.1/thumb/v7e-m/fpv4-sp/hard\libgcc.a
LOAD c:/st/stm32cubeide_1.5.1/stm32cubeide/plugins/com.st.stm32cube.ide.mcu.externaltools.gnu-tools-for-stm32.7-2018-q2-update.win32_1.5.0.202011040924/tools/bin/../lib/gcc/arm-none-eabi/7.3.1/../../../../arm-none-eabi/lib/thumb/v7e-m/fpv4-sp/hard\libc_nano.a
LOAD c:/st/stm32cubeide_1.5.1/stm32cubeide/plugins/com.st.stm32cube.ide.mcu.externaltools.gnu-tools-for-stm32.7-2018-q2-update.win32_1.5.0.202011040924/tools/bin/../lib/gcc/arm-none-eabi/7.3.1/../../../../arm-none-eabi/lib/thumb/v7e-m/fpv4-sp/hard\libnosys.a
END GROUP
START GROUP
LOAD c:/st/stm32cubeide_1.5.1/stm32cubeide/plugins/com.st.stm32cube.ide.mcu.externaltools.gnu-tools-for-stm32.7-2018-q2-update.win32_1.5.0.202011040924/tools/bin/../lib/gcc/arm-none-eabi/7.3.1/thumb/v7e-m/fpv4-sp/hard\libgcc.a
LOAD c:/st/stm32cubeide_1.5.1/stm32cubeide/plugins/com.st.stm32cube.ide.mcu.externaltools.gnu-tools-for-stm32.7-2018-q2-update.win32_1.5.0.202011040924/tools/bin/../lib/gcc/arm-none-eabi/7.3.1/../../../../arm-none-eabi/lib/thumb/v7e-m/fpv4-sp/hard\libc_nano.a
LOAD c:/st/stm32cubeide_1.5.1/stm32cubeide/plugins/com.st.stm32cube.ide.mcu.externaltools.gnu-tools-for-stm32.7-2018-q2-update.win32_1.5.0.202011040924/tools/bin/../lib/gcc/arm-none-eabi/7.3.1/../../../../arm-none-eabi/lib/thumb/v7e-m/fpv4-sp/hard\libnosys.a
END GROUP
LOAD c:/st/stm32cubeide_1.5.1/stm32cubeide/plugins/com.st.stm32cube.ide.mcu.externaltools.gnu-tools-for-stm32.7-2018-q2-update.win32_1.5.0.202011040924/tools/bin/../lib/gcc/arm-none-eabi/7.3.1/thumb/v7e-m/fpv4-sp/hard/crtend.o
LOAD c:/st/stm32cubeide_1.5.1/stm32cubeide/plugins/com.st.stm32cube.ide.mcu.externaltools.gnu-tools-for-stm32.7-2018-q2-update.win32_1.5.0.202011040924/tools/bin/../lib/gcc/arm-none-eabi/7.3.1/thumb/v7e-m/fpv4-sp/hard/crtn.o
                0x0000000020020000                _estack = (ORIGIN (RAM) + LENGTH (RAM))
                0x0000000000000200                _Min_Heap_Size = 0x200
                0x0000000000000400                _Min_Stack_Size = 0x400

.isr_vector     0x0000000008000000      0x188
                0x0000000008000000                . = ALIGN (0x4)
 *(.isr_vector)
 .isr_vector    0x0000000008000000      0x188 Core/Startup/startup_stm32f407vgtx.o
                0x0000000008000000                g_pfnVectors
                0x0000000008000188                . = ALIGN (0x4)

.text           0x0000000008000188     0x4f00
                0x0000000008000188                . = ALIGN (0x4)
 *(.text)
 .text          0x0000000008000188       0x40 c:/st/stm32cubeide_1.5.1/stm32cubeide/plugins/com.st.stm32cube.ide.mcu.externaltools.gnu-tools-for-stm32.7-2018-q2-update.win32_1.5.0.202011040924/tools/bin/../lib/gcc/arm-none-eabi/7.3.1/thumb/v7e-m/fpv4-sp/hard/crtbegin.o
 .text          0x00000000080001c8       0x10 c:/st/stm32cubeide_1.5.1/stm32cubeide/plugins/com.st.stm32cube.ide.mcu.externaltools.gnu-tools-for-stm32.7-2018-q2-update.win32_1.5.0.202011040924/tools/bin/../lib/gcc/arm-none-eabi/7.3.1/../../../../arm-none-eabi/lib/thumb/v7e-m/fpv4-sp/hard\libc_nano.a(lib_a-strlen.o)
                0x00000000080001c8                strlen
 .text          0x00000000080001d8       0x30 c:/st/stm32cubeide_1.5.1/stm32cubeide/plugins/com.st.stm32cube.ide.mcu.externaltools.gnu-tools-for-stm32.7-2018-q2-update.win32_1.5.0.202011040924/tools/bin/../lib/gcc/arm-none-eabi/7.3.1/thumb/v7e-m/fpv4-sp/hard\libgcc.a(_aeabi_uldivmod.o)
                0x00000000080001d8                __aeabi_uldivmod
 .text          0x0000000008000208      0x2cc c:/st/stm32cubeide_1.5.1/stm32cubeide/plugins/com.st.stm32cube.ide.mcu.externaltools.gnu-tools-for-stm32.7-2018-q2-update.win32_1.5.0.202011040924/tools/bin/../lib/gcc/arm-none-eabi/7.3.1/thumb/v7e-m/fpv4-sp/hard\libgcc.a(_udivmoddi4.o)
                0x0000000008000208                __udivmoddi4
 .text          0x00000000080004d4        0x4 c:/st/stm32cubeide_1.5.1/stm32cubeide/plugins/com.st.stm32cube.ide.mcu.externaltools.gnu-tools-for-stm32.7-2018-q2-update.win32_1.5.0.202011040924/tools/bin/../lib/gcc/arm-none-eabi/7.3.1/thumb/v7e-m/fpv4-sp/hard\libgcc.a(_dvmd_tls.o)
                0x00000000080004d4                __aeabi_idiv0
                0x00000000080004d4                __aeabi_ldiv0
 *(.text*)
 .text.main     0x00000000080004d8       0x22 Core/Src/main.o
                0x00000000080004d8                main
 *fill*         0x00000000080004fa        0x2 
 .text._Z18SystemClock_Configv
                0x00000000080004fc       0xd0 Core/Src/main.o
                0x00000000080004fc                SystemClock_Config()
 .text._ZL19MX_USART2_UART_Initv
                0x00000000080005cc       0x5c Core/Src/main.o
 .text._ZL11MX_DMA_Initv
                0x0000000008000628       0x50 Core/Src/main.o
 .text._ZL12MX_GPIO_Initv
                0x0000000008000678       0x88 Core/Src/main.o
 .text.Error_Handler
                0x0000000008000700        0x8 Core/Src/main.o
                0x0000000008000700                Error_Handler
 .text._ZN3ros4TimeC2Ev
                0x0000000008000708       0x22 Core/Src/mainpp.o
                0x0000000008000708                ros::Time::Time()
                0x0000000008000708                ros::Time::Time()
 *fill*         0x000000000800072a        0x2 
 .text._ZN3ros3MsgC2Ev
                0x000000000800072c       0x20 Core/Src/mainpp.o
                0x000000000800072c                ros::Msg::Msg()
                0x000000000800072c                ros::Msg::Msg()
 .text._ZN8std_msgs4TimeC2Ev
                0x000000000800074c       0x30 Core/Src/mainpp.o
                0x000000000800074c                std_msgs::Time::Time()
                0x000000000800074c                std_msgs::Time::Time()
 .text._ZNK8std_msgs4Time9serializeEPh
                0x000000000800077c       0xb0 Core/Src/mainpp.o
                0x000000000800077c                std_msgs::Time::serialize(unsigned char*) const
 .text._ZN8std_msgs4Time11deserializeEPh
                0x000000000800082c       0xc8 Core/Src/mainpp.o
                0x000000000800082c                std_msgs::Time::deserialize(unsigned char*)
 .text._ZN8std_msgs4Time7getTypeEv
                0x00000000080008f4       0x1c Core/Src/mainpp.o
                0x00000000080008f4                std_msgs::Time::getType()
 .text._ZN8std_msgs4Time6getMD5Ev
                0x0000000008000910       0x1c Core/Src/mainpp.o
                0x0000000008000910                std_msgs::Time::getMD5()
 .text._ZN14rosserial_msgs9TopicInfoC2Ev
                0x000000000800092c       0x48 Core/Src/mainpp.o
                0x000000000800092c                rosserial_msgs::TopicInfo::TopicInfo()
                0x000000000800092c                rosserial_msgs::TopicInfo::TopicInfo()
 .text._ZNK14rosserial_msgs9TopicInfo9serializeEPh
                0x0000000008000974      0x136 Core/Src/mainpp.o
                0x0000000008000974                rosserial_msgs::TopicInfo::serialize(unsigned char*) const
 .text._ZN14rosserial_msgs9TopicInfo11deserializeEPh
                0x0000000008000aaa      0x1d0 Core/Src/mainpp.o
                0x0000000008000aaa                rosserial_msgs::TopicInfo::deserialize(unsigned char*)
 *fill*         0x0000000008000c7a        0x2 
 .text._ZN14rosserial_msgs9TopicInfo7getTypeEv
                0x0000000008000c7c       0x1c Core/Src/mainpp.o
                0x0000000008000c7c                rosserial_msgs::TopicInfo::getType()
 .text._ZN14rosserial_msgs9TopicInfo6getMD5Ev
                0x0000000008000c98       0x1c Core/Src/mainpp.o
                0x0000000008000c98                rosserial_msgs::TopicInfo::getMD5()
 .text._ZN14rosserial_msgs3LogC2Ev
                0x0000000008000cb4       0x34 Core/Src/mainpp.o
                0x0000000008000cb4                rosserial_msgs::Log::Log()
                0x0000000008000cb4                rosserial_msgs::Log::Log()
 .text._ZNK14rosserial_msgs3Log9serializeEPh
                0x0000000008000ce8       0x64 Core/Src/mainpp.o
                0x0000000008000ce8                rosserial_msgs::Log::serialize(unsigned char*) const
 .text._ZN14rosserial_msgs3Log11deserializeEPh
                0x0000000008000d4c       0x90 Core/Src/mainpp.o
                0x0000000008000d4c                rosserial_msgs::Log::deserialize(unsigned char*)
 .text._ZN14rosserial_msgs3Log7getTypeEv
                0x0000000008000ddc       0x1c Core/Src/mainpp.o
                0x0000000008000ddc                rosserial_msgs::Log::getType()
 .text._ZN14rosserial_msgs3Log6getMD5Ev
                0x0000000008000df8       0x1c Core/Src/mainpp.o
                0x0000000008000df8                rosserial_msgs::Log::getMD5()
 .text._ZN14rosserial_msgs20RequestParamResponseC2Ev
                0x0000000008000e14       0x5c Core/Src/mainpp.o
                0x0000000008000e14                rosserial_msgs::RequestParamResponse::RequestParamResponse()
                0x0000000008000e14                rosserial_msgs::RequestParamResponse::RequestParamResponse()
 .text._ZNK14rosserial_msgs20RequestParamResponse9serializeEPh
                0x0000000008000e70      0x222 Core/Src/mainpp.o
                0x0000000008000e70                rosserial_msgs::RequestParamResponse::serialize(unsigned char*) const
 .text._ZN14rosserial_msgs20RequestParamResponse11deserializeEPh
                0x0000000008001092      0x2e2 Core/Src/mainpp.o
                0x0000000008001092                rosserial_msgs::RequestParamResponse::deserialize(unsigned char*)
 .text._ZN14rosserial_msgs20RequestParamResponse7getTypeEv
                0x0000000008001374       0x1c Core/Src/mainpp.o
                0x0000000008001374                rosserial_msgs::RequestParamResponse::getType()
 .text._ZN14rosserial_msgs20RequestParamResponse6getMD5Ev
                0x0000000008001390       0x1c Core/Src/mainpp.o
                0x0000000008001390                rosserial_msgs::RequestParamResponse::getMD5()
 .text._ZN3ros9PublisherC2EPKcPNS_3MsgEi
                0x00000000080013ac       0x2e Core/Src/mainpp.o
                0x00000000080013ac                ros::Publisher::Publisher(char const*, ros::Msg*, int)
                0x00000000080013ac                ros::Publisher::Publisher(char const*, ros::Msg*, int)
 .text._ZN3ros9Publisher7publishEPKNS_3MsgE
                0x00000000080013da       0x28 Core/Src/mainpp.o
                0x00000000080013da                ros::Publisher::publish(ros::Msg const*)
 .text._ZN3ros9Publisher15getEndpointTypeEv
                0x0000000008001402       0x18 Core/Src/mainpp.o
                0x0000000008001402                ros::Publisher::getEndpointType()
 .text._ZN13STM32Hardware10getRdmaIndEv
                0x000000000800141a       0x24 Core/Src/mainpp.o
                0x000000000800141a                STM32Hardware::getRdmaInd()
 *fill*         0x000000000800143e        0x2 
 .text._ZN13STM32HardwareC2Ev
                0x0000000008001440       0x38 Core/Src/mainpp.o
                0x0000000008001440                STM32Hardware::STM32Hardware()
                0x0000000008001440                STM32Hardware::STM32Hardware()
 .text._ZN13STM32Hardware4initEv
                0x0000000008001478       0x16 Core/Src/mainpp.o
                0x0000000008001478                STM32Hardware::init()
 .text._ZN13STM32Hardware10reset_rbufEv
                0x000000000800148e       0x22 Core/Src/mainpp.o
                0x000000000800148e                STM32Hardware::reset_rbuf()
 .text._ZN13STM32Hardware4readEv
                0x00000000080014b0       0x5a Core/Src/mainpp.o
                0x00000000080014b0                STM32Hardware::read()
 *fill*         0x000000000800150a        0x2 
 .text._ZN13STM32Hardware5flushEv
                0x000000000800150c       0xbc Core/Src/mainpp.o
                0x000000000800150c                STM32Hardware::flush()
 .text._ZN13STM32Hardware5writeEPhi
                0x00000000080015c8       0x8c Core/Src/mainpp.o
                0x00000000080015c8                STM32Hardware::write(unsigned char*, int)
 .text._ZN13STM32Hardware4timeEv
                0x0000000008001654       0x16 Core/Src/mainpp.o
                0x0000000008001654                STM32Hardware::time()
 *fill*         0x000000000800166a        0x2 
 .text._ZN8std_msgs6StringC2Ev
                0x000000000800166c       0x30 Core/Src/mainpp.o
                0x000000000800166c                std_msgs::String::String()
                0x000000000800166c                std_msgs::String::String()
 .text._ZNK8std_msgs6String9serializeEPh
                0x000000000800169c       0x52 Core/Src/mainpp.o
                0x000000000800169c                std_msgs::String::serialize(unsigned char*) const
 .text._ZN8std_msgs6String11deserializeEPh
                0x00000000080016ee       0x7e Core/Src/mainpp.o
                0x00000000080016ee                std_msgs::String::deserialize(unsigned char*)
 .text._ZN8std_msgs6String7getTypeEv
                0x000000000800176c       0x1c Core/Src/mainpp.o
                0x000000000800176c                std_msgs::String::getType()
 .text._ZN8std_msgs6String6getMD5Ev
                0x0000000008001788       0x1c Core/Src/mainpp.o
                0x0000000008001788                std_msgs::String::getMD5()
 .text._ZN3ros15NodeHandleBase_C2Ev
                0x00000000080017a4       0x20 Core/Src/mainpp.o
                0x00000000080017a4                ros::NodeHandleBase_::NodeHandleBase_()
                0x00000000080017a4                ros::NodeHandleBase_::NodeHandleBase_()
 .text._ZN3ros11NodeHandle_I13STM32HardwareLi25ELi25ELi512ELi512EEC2Ev
                0x00000000080017c4       0xf0 Core/Src/mainpp.o
                0x00000000080017c4                ros::NodeHandle_<STM32Hardware, 25, 25, 512, 512>::NodeHandle_()
                0x00000000080017c4                ros::NodeHandle_<STM32Hardware, 25, 25, 512, 512>::NodeHandle_()
 .text.HAL_UART_TxCpltCallback
                0x00000000080018b4       0x24 Core/Src/mainpp.o
                0x00000000080018b4                HAL_UART_TxCpltCallback
 .text.HAL_UART_RxCpltCallback
                0x00000000080018d8       0x24 Core/Src/mainpp.o
                0x00000000080018d8                HAL_UART_RxCpltCallback
 .text.setup    0x00000000080018fc       0x20 Core/Src/mainpp.o
                0x00000000080018fc                setup
 .text.loop     0x000000000800191c       0x50 Core/Src/mainpp.o
                0x000000000800191c                loop
 .text._ZN3ros3Msg8varToArrIPhmEEvT_T0_
                0x000000000800196c       0x3c Core/Src/mainpp.o
                0x000000000800196c                void ros::Msg::varToArr<unsigned char*, unsigned long>(unsigned char*, unsigned long)
 .text._ZN3ros3Msg8arrToVarImPhEEvRT_T0_
                0x00000000080019a8       0x4a Core/Src/mainpp.o
                0x00000000080019a8                void ros::Msg::arrToVar<unsigned long, unsigned char*>(unsigned long&, unsigned char*)
 .text._ZN3ros11NodeHandle_I13STM32HardwareLi25ELi25ELi512ELi512EE11getHardwareEv
                0x00000000080019f2       0x18 Core/Src/mainpp.o
                0x00000000080019f2                ros::NodeHandle_<STM32Hardware, 25, 25, 512, 512>::getHardware()
 .text._ZN3ros11NodeHandle_I13STM32HardwareLi25ELi25ELi512ELi512EE8initNodeEv
                0x0000000008001a0a       0x3a Core/Src/mainpp.o
                0x0000000008001a0a                ros::NodeHandle_<STM32Hardware, 25, 25, 512, 512>::initNode()
 .text._ZN3ros11NodeHandle_I13STM32HardwareLi25ELi25ELi512ELi512EE9advertiseERNS_9PublisherE
                0x0000000008001a44       0x60 Core/Src/mainpp.o
                0x0000000008001a44                ros::NodeHandle_<STM32Hardware, 25, 25, 512, 512>::advertise(ros::Publisher&)
 .text._ZN3ros11NodeHandle_I13STM32HardwareLi25ELi25ELi512ELi512EE8spinOnceEv
                0x0000000008001aa4      0x3b8 Core/Src/mainpp.o
                0x0000000008001aa4                ros::NodeHandle_<STM32Hardware, 25, 25, 512, 512>::spinOnce()
 .text._ZN3ros11NodeHandle_I13STM32HardwareLi25ELi25ELi512ELi512EE15requestSyncTimeEv
                0x0000000008001e5c       0x3c Core/Src/mainpp.o
                0x0000000008001e5c                ros::NodeHandle_<STM32Hardware, 25, 25, 512, 512>::requestSyncTime()
 .text._ZN3ros11NodeHandle_I13STM32HardwareLi25ELi25ELi512ELi512EE15negotiateTopicsEv
                0x0000000008001e98      0x1be Core/Src/mainpp.o
                0x0000000008001e98                ros::NodeHandle_<STM32Hardware, 25, 25, 512, 512>::negotiateTopics()
 *fill*         0x0000000008002056        0x2 
 .text._ZN3ros11NodeHandle_I13STM32HardwareLi25ELi25ELi512ELi512EE8syncTimeEPh
                0x0000000008002058       0x98 Core/Src/mainpp.o
                0x0000000008002058                ros::NodeHandle_<STM32Hardware, 25, 25, 512, 512>::syncTime(unsigned char*)
 .text._ZN3ros11NodeHandle_I13STM32HardwareLi25ELi25ELi512ELi512EE7publishEiPKNS_3MsgE
                0x00000000080020f0      0x124 Core/Src/mainpp.o
                0x00000000080020f0                ros::NodeHandle_<STM32Hardware, 25, 25, 512, 512>::publish(int, ros::Msg const*)
 .text._ZN3ros11NodeHandle_I13STM32HardwareLi25ELi25ELi512ELi512EE6setNowERKNS_4TimeE
                0x0000000008002214       0x80 Core/Src/mainpp.o
                0x0000000008002214                ros::NodeHandle_<STM32Hardware, 25, 25, 512, 512>::setNow(ros::Time const&)
 .text._ZN3ros11NodeHandle_I13STM32HardwareLi25ELi25ELi512ELi512EE8logerrorEPKc
                0x0000000008002294       0x1c Core/Src/mainpp.o
                0x0000000008002294                ros::NodeHandle_<STM32Hardware, 25, 25, 512, 512>::logerror(char const*)
 .text._ZN3ros11NodeHandle_I13STM32HardwareLi25ELi25ELi512ELi512EE3logEcPKc
                0x00000000080022b0       0x38 Core/Src/mainpp.o
                0x00000000080022b0                ros::NodeHandle_<STM32Hardware, 25, 25, 512, 512>::log(char, char const*)
 .text._Z41__static_initialization_and_destruction_0ii
                0x00000000080022e8       0x4c Core/Src/mainpp.o
 .text._ZN3ros11NodeHandle_I13STM32HardwareLi25ELi25ELi512ELi512EE9connectedEv
                0x0000000008002334       0x1a Core/Src/mainpp.o
                0x0000000008002334                ros::NodeHandle_<STM32Hardware, 25, 25, 512, 512>::connected()
 .text._GLOBAL__sub_I_nh
                0x000000000800234e       0x10 Core/Src/mainpp.o
 *fill*         0x000000000800235e        0x2 
 .text.HAL_MspInit
                0x0000000008002360       0x50 Core/Src/stm32f4xx_hal_msp.o
                0x0000000008002360                HAL_MspInit
 .text.HAL_UART_MspInit
                0x00000000080023b0      0x170 Core/Src/stm32f4xx_hal_msp.o
                0x00000000080023b0                HAL_UART_MspInit
 .text.NMI_Handler
                0x0000000008002520        0x6 Core/Src/stm32f4xx_it.o
                0x0000000008002520                NMI_Handler
 .text.HardFault_Handler
                0x0000000008002526        0x6 Core/Src/stm32f4xx_it.o
                0x0000000008002526                HardFault_Handler
 .text.MemManage_Handler
                0x000000000800252c        0x6 Core/Src/stm32f4xx_it.o
                0x000000000800252c                MemManage_Handler
 .text.BusFault_Handler
                0x0000000008002532        0x6 Core/Src/stm32f4xx_it.o
                0x0000000008002532                BusFault_Handler
 .text.UsageFault_Handler
                0x0000000008002538        0x6 Core/Src/stm32f4xx_it.o
                0x0000000008002538                UsageFault_Handler
 .text.SVC_Handler
                0x000000000800253e        0xe Core/Src/stm32f4xx_it.o
                0x000000000800253e                SVC_Handler
 .text.DebugMon_Handler
                0x000000000800254c        0xe Core/Src/stm32f4xx_it.o
                0x000000000800254c                DebugMon_Handler
 .text.PendSV_Handler
                0x000000000800255a        0xe Core/Src/stm32f4xx_it.o
                0x000000000800255a                PendSV_Handler
 .text.SysTick_Handler
                0x0000000008002568        0xc Core/Src/stm32f4xx_it.o
                0x0000000008002568                SysTick_Handler
 .text.DMA1_Stream5_IRQHandler
                0x0000000008002574       0x14 Core/Src/stm32f4xx_it.o
                0x0000000008002574                DMA1_Stream5_IRQHandler
 .text.DMA1_Stream6_IRQHandler
                0x0000000008002588       0x14 Core/Src/stm32f4xx_it.o
                0x0000000008002588                DMA1_Stream6_IRQHandler
 .text.USART2_IRQHandler
                0x000000000800259c       0x14 Core/Src/stm32f4xx_it.o
                0x000000000800259c                USART2_IRQHandler
 .text._getpid  0x00000000080025b0       0x10 Core/Src/syscalls.o
                0x00000000080025b0                _getpid
 .text._kill    0x00000000080025c0       0x20 Core/Src/syscalls.o
                0x00000000080025c0                _kill
 .text._exit    0x00000000080025e0       0x14 Core/Src/syscalls.o
                0x00000000080025e0                _exit
 .text._sbrk    0x00000000080025f4       0x6c Core/Src/sysmem.o
                0x00000000080025f4                _sbrk
 .text.SystemInit
                0x0000000008002660       0x2c Core/Src/system_stm32f4xx.o
                0x0000000008002660                SystemInit
 .text._ZN3ros16normalizeSecNSecERmS0_
                0x000000000800268c       0x58 Core/Src/time.o
                0x000000000800268c                ros::normalizeSecNSec(unsigned long&, unsigned long&)
 .text.Reset_Handler
                0x00000000080026e4       0x50 Core/Startup/startup_stm32f407vgtx.o
                0x00000000080026e4                Reset_Handler
 .text.Default_Handler
                0x0000000008002734        0x2 Core/Startup/startup_stm32f407vgtx.o
                0x0000000008002734                RTC_Alarm_IRQHandler
                0x0000000008002734                HASH_RNG_IRQHandler
                0x0000000008002734                EXTI2_IRQHandler
                0x0000000008002734                TIM8_CC_IRQHandler
                0x0000000008002734                TIM1_CC_IRQHandler
                0x0000000008002734                DMA2_Stream5_IRQHandler
                0x0000000008002734                PVD_IRQHandler
                0x0000000008002734                SDIO_IRQHandler
                0x0000000008002734                TAMP_STAMP_IRQHandler
                0x0000000008002734                CAN2_RX1_IRQHandler
                0x0000000008002734                EXTI3_IRQHandler
                0x0000000008002734                TIM8_TRG_COM_TIM14_IRQHandler
                0x0000000008002734                TIM1_UP_TIM10_IRQHandler
                0x0000000008002734                TIM8_UP_TIM13_IRQHandler
                0x0000000008002734                I2C3_ER_IRQHandler
                0x0000000008002734                EXTI0_IRQHandler
                0x0000000008002734                I2C2_EV_IRQHandler
                0x0000000008002734                DMA1_Stream2_IRQHandler
                0x0000000008002734                CAN1_RX0_IRQHandler
                0x0000000008002734                FPU_IRQHandler
                0x0000000008002734                OTG_HS_WKUP_IRQHandler
                0x0000000008002734                CAN2_SCE_IRQHandler
                0x0000000008002734                DMA2_Stream2_IRQHandler
                0x0000000008002734                SPI1_IRQHandler
                0x0000000008002734                TIM6_DAC_IRQHandler
                0x0000000008002734                TIM1_BRK_TIM9_IRQHandler
                0x0000000008002734                DCMI_IRQHandler
                0x0000000008002734                CAN2_RX0_IRQHandler
                0x0000000008002734                DMA2_Stream3_IRQHandler
                0x0000000008002734                USART6_IRQHandler
                0x0000000008002734                USART3_IRQHandler
                0x0000000008002734                CAN1_RX1_IRQHandler
                0x0000000008002734                UART5_IRQHandler
                0x0000000008002734                DMA2_Stream0_IRQHandler
                0x0000000008002734                TIM4_IRQHandler
                0x0000000008002734                I2C1_EV_IRQHandler
                0x0000000008002734                DMA1_Stream1_IRQHandler
                0x0000000008002734                UART4_IRQHandler
                0x0000000008002734                TIM3_IRQHandler
                0x0000000008002734                RCC_IRQHandler
                0x0000000008002734                TIM8_BRK_TIM12_IRQHandler
                0x0000000008002734                Default_Handler
                0x0000000008002734                EXTI15_10_IRQHandler
                0x0000000008002734                ADC_IRQHandler
                0x0000000008002734                DMA1_Stream7_IRQHandler
                0x0000000008002734                TIM7_IRQHandler
                0x0000000008002734                CAN2_TX_IRQHandler
                0x0000000008002734                TIM5_IRQHandler
                0x0000000008002734                DMA2_Stream7_IRQHandler
                0x0000000008002734                I2C3_EV_IRQHandler
                0x0000000008002734                EXTI9_5_IRQHandler
                0x0000000008002734                RTC_WKUP_IRQHandler
                0x0000000008002734                ETH_WKUP_IRQHandler
                0x0000000008002734                SPI2_IRQHandler
                0x0000000008002734                OTG_HS_EP1_IN_IRQHandler
                0x0000000008002734                DMA1_Stream0_IRQHandler
                0x0000000008002734                CAN1_TX_IRQHandler
                0x0000000008002734                EXTI4_IRQHandler
                0x0000000008002734                FSMC_IRQHandler
                0x0000000008002734                ETH_IRQHandler
                0x0000000008002734                OTG_HS_EP1_OUT_IRQHandler
                0x0000000008002734                WWDG_IRQHandler
                0x0000000008002734                TIM2_IRQHandler
                0x0000000008002734                OTG_FS_WKUP_IRQHandler
                0x0000000008002734                TIM1_TRG_COM_TIM11_IRQHandler
                0x0000000008002734                OTG_HS_IRQHandler
                0x0000000008002734                EXTI1_IRQHandler
                0x0000000008002734                I2C2_ER_IRQHandler
                0x0000000008002734                DMA2_Stream1_IRQHandler
                0x0000000008002734                CAN1_SCE_IRQHandler
                0x0000000008002734                FLASH_IRQHandler
                0x0000000008002734                DMA2_Stream4_IRQHandler
                0x0000000008002734                USART1_IRQHandler
                0x0000000008002734                OTG_FS_IRQHandler
                0x0000000008002734                SPI3_IRQHandler
                0x0000000008002734                DMA1_Stream4_IRQHandler
                0x0000000008002734                I2C1_ER_IRQHandler
                0x0000000008002734                DMA2_Stream6_IRQHandler
                0x0000000008002734                DMA1_Stream3_IRQHandler
 *fill*         0x0000000008002736        0x2 
 .text.HAL_Init
                0x0000000008002738       0x44 Drivers/STM32F4xx_HAL_Driver/Src/stm32f4xx_hal.o
                0x0000000008002738                HAL_Init
 .text.HAL_InitTick
                0x000000000800277c       0x60 Drivers/STM32F4xx_HAL_Driver/Src/stm32f4xx_hal.o
                0x000000000800277c                HAL_InitTick
 .text.HAL_IncTick
                0x00000000080027dc       0x28 Drivers/STM32F4xx_HAL_Driver/Src/stm32f4xx_hal.o
                0x00000000080027dc                HAL_IncTick
 .text.HAL_GetTick
                0x0000000008002804       0x18 Drivers/STM32F4xx_HAL_Driver/Src/stm32f4xx_hal.o
                0x0000000008002804                HAL_GetTick
 .text.HAL_Delay
                0x000000000800281c       0x44 Drivers/STM32F4xx_HAL_Driver/Src/stm32f4xx_hal.o
                0x000000000800281c                HAL_Delay
 .text.__NVIC_SetPriorityGrouping
                0x0000000008002860       0x48 Drivers/STM32F4xx_HAL_Driver/Src/stm32f4xx_hal_cortex.o
 .text.__NVIC_GetPriorityGrouping
                0x00000000080028a8       0x1c Drivers/STM32F4xx_HAL_Driver/Src/stm32f4xx_hal_cortex.o
 .text.__NVIC_EnableIRQ
                0x00000000080028c4       0x3c Drivers/STM32F4xx_HAL_Driver/Src/stm32f4xx_hal_cortex.o
 .text.__NVIC_SetPriority
                0x0000000008002900       0x54 Drivers/STM32F4xx_HAL_Driver/Src/stm32f4xx_hal_cortex.o
 .text.NVIC_EncodePriority
                0x0000000008002954       0x66 Drivers/STM32F4xx_HAL_Driver/Src/stm32f4xx_hal_cortex.o
 *fill*         0x00000000080029ba        0x2 
 .text.SysTick_Config
                0x00000000080029bc       0x44 Drivers/STM32F4xx_HAL_Driver/Src/stm32f4xx_hal_cortex.o
 .text.HAL_NVIC_SetPriorityGrouping
                0x0000000008002a00       0x16 Drivers/STM32F4xx_HAL_Driver/Src/stm32f4xx_hal_cortex.o
                0x0000000008002a00                HAL_NVIC_SetPriorityGrouping
 .text.HAL_NVIC_SetPriority
                0x0000000008002a16       0x38 Drivers/STM32F4xx_HAL_Driver/Src/stm32f4xx_hal_cortex.o
                0x0000000008002a16                HAL_NVIC_SetPriority
 .text.HAL_NVIC_EnableIRQ
                0x0000000008002a4e       0x1c Drivers/STM32F4xx_HAL_Driver/Src/stm32f4xx_hal_cortex.o
                0x0000000008002a4e                HAL_NVIC_EnableIRQ
 .text.HAL_SYSTICK_Config
                0x0000000008002a6a       0x18 Drivers/STM32F4xx_HAL_Driver/Src/stm32f4xx_hal_cortex.o
                0x0000000008002a6a                HAL_SYSTICK_Config
 *fill*         0x0000000008002a82        0x2 
 .text.HAL_DMA_Init
                0x0000000008002a84      0x15c Drivers/STM32F4xx_HAL_Driver/Src/stm32f4xx_hal_dma.o
                0x0000000008002a84                HAL_DMA_Init
 .text.HAL_DMA_Start_IT
                0x0000000008002be0       0xb0 Drivers/STM32F4xx_HAL_Driver/Src/stm32f4xx_hal_dma.o
                0x0000000008002be0                HAL_DMA_Start_IT
 .text.HAL_DMA_Abort_IT
                0x0000000008002c90       0x44 Drivers/STM32F4xx_HAL_Driver/Src/stm32f4xx_hal_dma.o
                0x0000000008002c90                HAL_DMA_Abort_IT
 .text.HAL_DMA_IRQHandler
                0x0000000008002cd4      0x314 Drivers/STM32F4xx_HAL_Driver/Src/stm32f4xx_hal_dma.o
                0x0000000008002cd4                HAL_DMA_IRQHandler
 .text.DMA_SetConfig
                0x0000000008002fe8       0x5c Drivers/STM32F4xx_HAL_Driver/Src/stm32f4xx_hal_dma.o
 .text.DMA_CalcBaseAndBitshift
                0x0000000008003044       0x6c Drivers/STM32F4xx_HAL_Driver/Src/stm32f4xx_hal_dma.o
 .text.DMA_CheckFifoParam
                0x00000000080030b0       0xf4 Drivers/STM32F4xx_HAL_Driver/Src/stm32f4xx_hal_dma.o
 .text.HAL_GPIO_Init
                0x00000000080031a4      0x334 Drivers/STM32F4xx_HAL_Driver/Src/stm32f4xx_hal_gpio.o
                0x00000000080031a4                HAL_GPIO_Init
 .text.HAL_GPIO_WritePin
                0x00000000080034d8       0x32 Drivers/STM32F4xx_HAL_Driver/Src/stm32f4xx_hal_gpio.o
                0x00000000080034d8                HAL_GPIO_WritePin
 .text.HAL_GPIO_TogglePin
                0x000000000800350a       0x36 Drivers/STM32F4xx_HAL_Driver/Src/stm32f4xx_hal_gpio.o
                0x000000000800350a                HAL_GPIO_TogglePin
 .text.HAL_RCC_OscConfig
                0x0000000008003540      0x4e0 Drivers/STM32F4xx_HAL_Driver/Src/stm32f4xx_hal_rcc.o
                0x0000000008003540                HAL_RCC_OscConfig
 .text.HAL_RCC_ClockConfig
                0x0000000008003a20      0x1cc Drivers/STM32F4xx_HAL_Driver/Src/stm32f4xx_hal_rcc.o
                0x0000000008003a20                HAL_RCC_ClockConfig
 .text.HAL_RCC_GetSysClockFreq
                0x0000000008003bec      0x164 Drivers/STM32F4xx_HAL_Driver/Src/stm32f4xx_hal_rcc.o
                0x0000000008003bec                HAL_RCC_GetSysClockFreq
 .text.HAL_RCC_GetHCLKFreq
                0x0000000008003d50       0x18 Drivers/STM32F4xx_HAL_Driver/Src/stm32f4xx_hal_rcc.o
                0x0000000008003d50                HAL_RCC_GetHCLKFreq
 .text.HAL_RCC_GetPCLK1Freq
                0x0000000008003d68       0x28 Drivers/STM32F4xx_HAL_Driver/Src/stm32f4xx_hal_rcc.o
                0x0000000008003d68                HAL_RCC_GetPCLK1Freq
 .text.HAL_RCC_GetPCLK2Freq
                0x0000000008003d90       0x28 Drivers/STM32F4xx_HAL_Driver/Src/stm32f4xx_hal_rcc.o
                0x0000000008003d90                HAL_RCC_GetPCLK2Freq
 .text.HAL_UART_Init
                0x0000000008003db8       0x9a Drivers/STM32F4xx_HAL_Driver/Src/stm32f4xx_hal_uart.o
                0x0000000008003db8                HAL_UART_Init
 *fill*         0x0000000008003e52        0x2 
 .text.HAL_UART_Transmit_DMA
                0x0000000008003e54       0xd8 Drivers/STM32F4xx_HAL_Driver/Src/stm32f4xx_hal_uart.o
                0x0000000008003e54                HAL_UART_Transmit_DMA
 .text.HAL_UART_Receive_DMA
                0x0000000008003f2c      0x100 Drivers/STM32F4xx_HAL_Driver/Src/stm32f4xx_hal_uart.o
                0x0000000008003f2c                HAL_UART_Receive_DMA
 .text.HAL_UART_IRQHandler
                0x000000000800402c      0x200 Drivers/STM32F4xx_HAL_Driver/Src/stm32f4xx_hal_uart.o
                0x000000000800402c                HAL_UART_IRQHandler
 .text.HAL_UART_TxHalfCpltCallback
                0x000000000800422c       0x14 Drivers/STM32F4xx_HAL_Driver/Src/stm32f4xx_hal_uart.o
                0x000000000800422c                HAL_UART_TxHalfCpltCallback
 .text.HAL_UART_RxHalfCpltCallback
                0x0000000008004240       0x14 Drivers/STM32F4xx_HAL_Driver/Src/stm32f4xx_hal_uart.o
                0x0000000008004240                HAL_UART_RxHalfCpltCallback
 .text.HAL_UART_ErrorCallback
                0x0000000008004254       0x14 Drivers/STM32F4xx_HAL_Driver/Src/stm32f4xx_hal_uart.o
                0x0000000008004254                HAL_UART_ErrorCallback
 .text.UART_DMATransmitCplt
                0x0000000008004268       0x52 Drivers/STM32F4xx_HAL_Driver/Src/stm32f4xx_hal_uart.o
 .text.UART_DMATxHalfCplt
                0x00000000080042ba       0x1c Drivers/STM32F4xx_HAL_Driver/Src/stm32f4xx_hal_uart.o
 .text.UART_DMAReceiveCplt
                0x00000000080042d6       0x68 Drivers/STM32F4xx_HAL_Driver/Src/stm32f4xx_hal_uart.o
 .text.UART_DMARxHalfCplt
                0x000000000800433e       0x1c Drivers/STM32F4xx_HAL_Driver/Src/stm32f4xx_hal_uart.o
 .text.UART_DMAError
                0x000000000800435a       0x94 Drivers/STM32F4xx_HAL_Driver/Src/stm32f4xx_hal_uart.o
 .text.UART_EndTxTransfer
                0x00000000080043ee       0x2c Drivers/STM32F4xx_HAL_Driver/Src/stm32f4xx_hal_uart.o
 .text.UART_EndRxTransfer
                0x000000000800441a       0x3c Drivers/STM32F4xx_HAL_Driver/Src/stm32f4xx_hal_uart.o
 .text.UART_DMAAbortOnError
                0x0000000008004456       0x28 Drivers/STM32F4xx_HAL_Driver/Src/stm32f4xx_hal_uart.o
 .text.UART_Transmit_IT
                0x000000000800447e       0xac Drivers/STM32F4xx_HAL_Driver/Src/stm32f4xx_hal_uart.o
 .text.UART_EndTransmit_IT
                0x000000000800452a       0x30 Drivers/STM32F4xx_HAL_Driver/Src/stm32f4xx_hal_uart.o
 .text.UART_Receive_IT
                0x000000000800455a      0x102 Drivers/STM32F4xx_HAL_Driver/Src/stm32f4xx_hal_uart.o
 .text.UART_SetConfig
                0x000000000800465c      0x6f8 Drivers/STM32F4xx_HAL_Driver/Src/stm32f4xx_hal_uart.o
 .text.__cxa_pure_virtual
                0x0000000008004d54        0x6 c:/st/stm32cubeide_1.5.1/stm32cubeide/plugins/com.st.stm32cube.ide.mcu.externaltools.gnu-tools-for-stm32.7-2018-q2-update.win32_1.5.0.202011040924/tools/bin/../lib/gcc/arm-none-eabi/7.3.1/../../../../arm-none-eabi/lib/thumb/v7e-m/fpv4-sp/hard\libstdc++_nano.a(pure.o)
                0x0000000008004d54                __cxa_pure_virtual
 .text._ZN10__cxxabiv111__terminateEPFvvE
                0x0000000008004d5a        0x8 c:/st/stm32cubeide_1.5.1/stm32cubeide/plugins/com.st.stm32cube.ide.mcu.externaltools.gnu-tools-for-stm32.7-2018-q2-update.win32_1.5.0.202011040924/tools/bin/../lib/gcc/arm-none-eabi/7.3.1/../../../../arm-none-eabi/lib/thumb/v7e-m/fpv4-sp/hard\libstdc++_nano.a(eh_terminate.o)
                0x0000000008004d5a                __cxxabiv1::__terminate(void (*)())
 *fill*         0x0000000008004d62        0x2 
 .text._ZSt13get_terminatev
                0x0000000008004d64       0x10 c:/st/stm32cubeide_1.5.1/stm32cubeide/plugins/com.st.stm32cube.ide.mcu.externaltools.gnu-tools-for-stm32.7-2018-q2-update.win32_1.5.0.202011040924/tools/bin/../lib/gcc/arm-none-eabi/7.3.1/../../../../arm-none-eabi/lib/thumb/v7e-m/fpv4-sp/hard\libstdc++_nano.a(eh_terminate.o)
                0x0000000008004d64                std::get_terminate()
 .text._ZSt9terminatev
                0x0000000008004d74        0xa c:/st/stm32cubeide_1.5.1/stm32cubeide/plugins/com.st.stm32cube.ide.mcu.externaltools.gnu-tools-for-stm32.7-2018-q2-update.win32_1.5.0.202011040924/tools/bin/../lib/gcc/arm-none-eabi/7.3.1/../../../../arm-none-eabi/lib/thumb/v7e-m/fpv4-sp/hard\libstdc++_nano.a(eh_terminate.o)
                0x0000000008004d74                std::terminate()
 .text.abort    0x0000000008004d7e        0xe c:/st/stm32cubeide_1.5.1/stm32cubeide/plugins/com.st.stm32cube.ide.mcu.externaltools.gnu-tools-for-stm32.7-2018-q2-update.win32_1.5.0.202011040924/tools/bin/../lib/gcc/arm-none-eabi/7.3.1/../../../../arm-none-eabi/lib/thumb/v7e-m/fpv4-sp/hard\libc_nano.a(lib_a-abort.o)
                0x0000000008004d7e                abort
 .text.__errno  0x0000000008004d8c        0xc c:/st/stm32cubeide_1.5.1/stm32cubeide/plugins/com.st.stm32cube.ide.mcu.externaltools.gnu-tools-for-stm32.7-2018-q2-update.win32_1.5.0.202011040924/tools/bin/../lib/gcc/arm-none-eabi/7.3.1/../../../../arm-none-eabi/lib/thumb/v7e-m/fpv4-sp/hard\libc_nano.a(lib_a-errno.o)
                0x0000000008004d8c                __errno
 .text.__libc_init_array
                0x0000000008004d98       0x48 c:/st/stm32cubeide_1.5.1/stm32cubeide/plugins/com.st.stm32cube.ide.mcu.externaltools.gnu-tools-for-stm32.7-2018-q2-update.win32_1.5.0.202011040924/tools/bin/../lib/gcc/arm-none-eabi/7.3.1/../../../../arm-none-eabi/lib/thumb/v7e-m/fpv4-sp/hard\libc_nano.a(lib_a-init.o)
                0x0000000008004d98                __libc_init_array
 .text.memcpy   0x0000000008004de0       0x16 c:/st/stm32cubeide_1.5.1/stm32cubeide/plugins/com.st.stm32cube.ide.mcu.externaltools.gnu-tools-for-stm32.7-2018-q2-update.win32_1.5.0.202011040924/tools/bin/../lib/gcc/arm-none-eabi/7.3.1/../../../../arm-none-eabi/lib/thumb/v7e-m/fpv4-sp/hard\libc_nano.a(lib_a-memcpy-stub.o)
                0x0000000008004de0                memcpy
 .text.memset   0x0000000008004df6       0x10 c:/st/stm32cubeide_1.5.1/stm32cubeide/plugins/com.st.stm32cube.ide.mcu.externaltools.gnu-tools-for-stm32.7-2018-q2-update.win32_1.5.0.202011040924/tools/bin/../lib/gcc/arm-none-eabi/7.3.1/../../../../arm-none-eabi/lib/thumb/v7e-m/fpv4-sp/hard\libc_nano.a(lib_a-memset.o)
                0x0000000008004df6                memset
 *fill*         0x0000000008004e06        0x2 
 .text.realloc  0x0000000008004e08       0x10 c:/st/stm32cubeide_1.5.1/stm32cubeide/plugins/com.st.stm32cube.ide.mcu.externaltools.gnu-tools-for-stm32.7-2018-q2-update.win32_1.5.0.202011040924/tools/bin/../lib/gcc/arm-none-eabi/7.3.1/../../../../arm-none-eabi/lib/thumb/v7e-m/fpv4-sp/hard\libc_nano.a(lib_a-realloc.o)
                0x0000000008004e08                realloc
 .text._raise_r
                0x0000000008004e18       0x50 c:/st/stm32cubeide_1.5.1/stm32cubeide/plugins/com.st.stm32cube.ide.mcu.externaltools.gnu-tools-for-stm32.7-2018-q2-update.win32_1.5.0.202011040924/tools/bin/../lib/gcc/arm-none-eabi/7.3.1/../../../../arm-none-eabi/lib/thumb/v7e-m/fpv4-sp/hard\libc_nano.a(lib_a-signal.o)
                0x0000000008004e18                _raise_r
 .text.raise    0x0000000008004e68       0x10 c:/st/stm32cubeide_1.5.1/stm32cubeide/plugins/com.st.stm32cube.ide.mcu.externaltools.gnu-tools-for-stm32.7-2018-q2-update.win32_1.5.0.202011040924/tools/bin/../lib/gcc/arm-none-eabi/7.3.1/../../../../arm-none-eabi/lib/thumb/v7e-m/fpv4-sp/hard\libc_nano.a(lib_a-signal.o)
                0x0000000008004e68                raise
 .text._kill_r  0x0000000008004e78       0x24 c:/st/stm32cubeide_1.5.1/stm32cubeide/plugins/com.st.stm32cube.ide.mcu.externaltools.gnu-tools-for-stm32.7-2018-q2-update.win32_1.5.0.202011040924/tools/bin/../lib/gcc/arm-none-eabi/7.3.1/../../../../arm-none-eabi/lib/thumb/v7e-m/fpv4-sp/hard\libc_nano.a(lib_a-signalr.o)
                0x0000000008004e78                _kill_r
 .text._getpid_r
                0x0000000008004e9c        0x4 c:/st/stm32cubeide_1.5.1/stm32cubeide/plugins/com.st.stm32cube.ide.mcu.externaltools.gnu-tools-for-stm32.7-2018-q2-update.win32_1.5.0.202011040924/tools/bin/../lib/gcc/arm-none-eabi/7.3.1/../../../../arm-none-eabi/lib/thumb/v7e-m/fpv4-sp/hard\libc_nano.a(lib_a-signalr.o)
                0x0000000008004e9c                _getpid_r
 .text._malloc_r
                0x0000000008004ea0       0xb4 c:/st/stm32cubeide_1.5.1/stm32cubeide/plugins/com.st.stm32cube.ide.mcu.externaltools.gnu-tools-for-stm32.7-2018-q2-update.win32_1.5.0.202011040924/tools/bin/../lib/gcc/arm-none-eabi/7.3.1/../../../../arm-none-eabi/lib/thumb/v7e-m/fpv4-sp/hard\libc_nano.a(lib_a-nano-mallocr.o)
                0x0000000008004ea0                _malloc_r
 .text._realloc_r
                0x0000000008004f54       0x4c c:/st/stm32cubeide_1.5.1/stm32cubeide/plugins/com.st.stm32cube.ide.mcu.externaltools.gnu-tools-for-stm32.7-2018-q2-update.win32_1.5.0.202011040924/tools/bin/../lib/gcc/arm-none-eabi/7.3.1/../../../../arm-none-eabi/lib/thumb/v7e-m/fpv4-sp/hard\libc_nano.a(lib_a-nano-reallocr.o)
                0x0000000008004f54                _realloc_r
 .text._sbrk_r  0x0000000008004fa0       0x20 c:/st/stm32cubeide_1.5.1/stm32cubeide/plugins/com.st.stm32cube.ide.mcu.externaltools.gnu-tools-for-stm32.7-2018-q2-update.win32_1.5.0.202011040924/tools/bin/../lib/gcc/arm-none-eabi/7.3.1/../../../../arm-none-eabi/lib/thumb/v7e-m/fpv4-sp/hard\libc_nano.a(lib_a-sbrkr.o)
                0x0000000008004fa0                _sbrk_r
 .text.__malloc_lock
                0x0000000008004fc0        0x2 c:/st/stm32cubeide_1.5.1/stm32cubeide/plugins/com.st.stm32cube.ide.mcu.externaltools.gnu-tools-for-stm32.7-2018-q2-update.win32_1.5.0.202011040924/tools/bin/../lib/gcc/arm-none-eabi/7.3.1/../../../../arm-none-eabi/lib/thumb/v7e-m/fpv4-sp/hard\libc_nano.a(lib_a-mlock.o)
                0x0000000008004fc0                __malloc_lock
 .text.__malloc_unlock
                0x0000000008004fc2        0x2 c:/st/stm32cubeide_1.5.1/stm32cubeide/plugins/com.st.stm32cube.ide.mcu.externaltools.gnu-tools-for-stm32.7-2018-q2-update.win32_1.5.0.202011040924/tools/bin/../lib/gcc/arm-none-eabi/7.3.1/../../../../arm-none-eabi/lib/thumb/v7e-m/fpv4-sp/hard\libc_nano.a(lib_a-mlock.o)
                0x0000000008004fc2                __malloc_unlock
 .text._free_r  0x0000000008004fc4       0x9c c:/st/stm32cubeide_1.5.1/stm32cubeide/plugins/com.st.stm32cube.ide.mcu.externaltools.gnu-tools-for-stm32.7-2018-q2-update.win32_1.5.0.202011040924/tools/bin/../lib/gcc/arm-none-eabi/7.3.1/../../../../arm-none-eabi/lib/thumb/v7e-m/fpv4-sp/hard\libc_nano.a(lib_a-nano-freer.o)
                0x0000000008004fc4                _free_r
 .text._malloc_usable_size_r
                0x0000000008005060       0x10 c:/st/stm32cubeide_1.5.1/stm32cubeide/plugins/com.st.stm32cube.ide.mcu.externaltools.gnu-tools-for-stm32.7-2018-q2-update.win32_1.5.0.202011040924/tools/bin/../lib/gcc/arm-none-eabi/7.3.1/../../../../arm-none-eabi/lib/thumb/v7e-m/fpv4-sp/hard\libc_nano.a(lib_a-nano-msizer.o)
                0x0000000008005060                _malloc_usable_size_r
 *(.glue_7)
 .glue_7        0x0000000008005070        0x0 linker stubs
 *(.glue_7t)
 .glue_7t       0x0000000008005070        0x0 linker stubs
 *(.eh_frame)
 .eh_frame      0x0000000008005070        0x0 c:/st/stm32cubeide_1.5.1/stm32cubeide/plugins/com.st.stm32cube.ide.mcu.externaltools.gnu-tools-for-stm32.7-2018-q2-update.win32_1.5.0.202011040924/tools/bin/../lib/gcc/arm-none-eabi/7.3.1/thumb/v7e-m/fpv4-sp/hard/crtbegin.o
 *(.init)
 .init          0x0000000008005070        0x4 c:/st/stm32cubeide_1.5.1/stm32cubeide/plugins/com.st.stm32cube.ide.mcu.externaltools.gnu-tools-for-stm32.7-2018-q2-update.win32_1.5.0.202011040924/tools/bin/../lib/gcc/arm-none-eabi/7.3.1/thumb/v7e-m/fpv4-sp/hard/crti.o
                0x0000000008005070                _init
 .init          0x0000000008005074        0x8 c:/st/stm32cubeide_1.5.1/stm32cubeide/plugins/com.st.stm32cube.ide.mcu.externaltools.gnu-tools-for-stm32.7-2018-q2-update.win32_1.5.0.202011040924/tools/bin/../lib/gcc/arm-none-eabi/7.3.1/thumb/v7e-m/fpv4-sp/hard/crtn.o
 *(.fini)
 .fini          0x000000000800507c        0x4 c:/st/stm32cubeide_1.5.1/stm32cubeide/plugins/com.st.stm32cube.ide.mcu.externaltools.gnu-tools-for-stm32.7-2018-q2-update.win32_1.5.0.202011040924/tools/bin/../lib/gcc/arm-none-eabi/7.3.1/thumb/v7e-m/fpv4-sp/hard/crti.o
                0x000000000800507c                _fini
 .fini          0x0000000008005080        0x8 c:/st/stm32cubeide_1.5.1/stm32cubeide/plugins/com.st.stm32cube.ide.mcu.externaltools.gnu-tools-for-stm32.7-2018-q2-update.win32_1.5.0.202011040924/tools/bin/../lib/gcc/arm-none-eabi/7.3.1/thumb/v7e-m/fpv4-sp/hard/crtn.o
                0x0000000008005088                . = ALIGN (0x4)
                0x0000000008005088                _etext = .

.vfp11_veneer   0x0000000008005088        0x0
 .vfp11_veneer  0x0000000008005088        0x0 linker stubs

.v4_bx          0x0000000008005088        0x0
 .v4_bx         0x0000000008005088        0x0 linker stubs

.iplt           0x0000000008005088        0x0
 .iplt          0x0000000008005088        0x0 c:/st/stm32cubeide_1.5.1/stm32cubeide/plugins/com.st.stm32cube.ide.mcu.externaltools.gnu-tools-for-stm32.7-2018-q2-update.win32_1.5.0.202011040924/tools/bin/../lib/gcc/arm-none-eabi/7.3.1/thumb/v7e-m/fpv4-sp/hard/crtbegin.o

.rodata         0x0000000008005088      0x240
                0x0000000008005088                . = ALIGN (0x4)
 *(.rodata)
 .rodata        0x0000000008005088      0x14c Core/Src/mainpp.o
 *(.rodata*)
 .rodata._ZN14rosserial_msgsL12REQUESTPARAME
                0x00000000080051d4       0x1c Core/Src/mainpp.o
 .rodata._ZTVN3ros11NodeHandle_I13STM32HardwareLi25ELi25ELi512ELi512EEE
                0x00000000080051f0       0x14 Core/Src/mainpp.o
                0x00000000080051f0                vtable for ros::NodeHandle_<STM32Hardware, 25, 25, 512, 512>
 .rodata._ZTVN8std_msgs6StringE
                0x0000000008005204       0x18 Core/Src/mainpp.o
                0x0000000008005204                vtable for std_msgs::String
 .rodata._ZTVN3ros15NodeHandleBase_E
                0x000000000800521c       0x14 Core/Src/mainpp.o
                0x000000000800521c                vtable for ros::NodeHandleBase_
 .rodata._ZTVN14rosserial_msgs20RequestParamResponseE
                0x0000000008005230       0x18 Core/Src/mainpp.o
                0x0000000008005230                vtable for rosserial_msgs::RequestParamResponse
 .rodata._ZTVN14rosserial_msgs3LogE
                0x0000000008005248       0x18 Core/Src/mainpp.o
                0x0000000008005248                vtable for rosserial_msgs::Log
 .rodata._ZTVN14rosserial_msgs9TopicInfoE
                0x0000000008005260       0x18 Core/Src/mainpp.o
                0x0000000008005260                vtable for rosserial_msgs::TopicInfo
 .rodata._ZTVN8std_msgs4TimeE
                0x0000000008005278       0x18 Core/Src/mainpp.o
                0x0000000008005278                vtable for std_msgs::Time
 .rodata._ZTVN3ros3MsgE
                0x0000000008005290       0x18 Core/Src/mainpp.o
                0x0000000008005290                vtable for ros::Msg
 .rodata.AHBPrescTable
                0x00000000080052a8       0x10 Core/Src/system_stm32f4xx.o
                0x00000000080052a8                AHBPrescTable
 .rodata.APBPrescTable
                0x00000000080052b8        0x8 Core/Src/system_stm32f4xx.o
                0x00000000080052b8                APBPrescTable
 .rodata.flagBitshiftOffset.7626
                0x00000000080052c0        0x8 Drivers/STM32F4xx_HAL_Driver/Src/stm32f4xx_hal_dma.o
                0x00000000080052c8                . = ALIGN (0x4)

.ARM.extab      0x00000000080052c8        0x0
                0x00000000080052c8                . = ALIGN (0x4)
 *(.ARM.extab* .gnu.linkonce.armextab.*)
                0x00000000080052c8                . = ALIGN (0x4)

.ARM            0x00000000080052c8        0x8
                0x00000000080052c8                . = ALIGN (0x4)
                0x00000000080052c8                __exidx_start = .
 *(.ARM.exidx*)
 .ARM.exidx     0x00000000080052c8        0x8 c:/st/stm32cubeide_1.5.1/stm32cubeide/plugins/com.st.stm32cube.ide.mcu.externaltools.gnu-tools-for-stm32.7-2018-q2-update.win32_1.5.0.202011040924/tools/bin/../lib/gcc/arm-none-eabi/7.3.1/thumb/v7e-m/fpv4-sp/hard\libgcc.a(_udivmoddi4.o)
                0x00000000080052d0                __exidx_end = .
                0x00000000080052d0                . = ALIGN (0x4)

.rel.dyn        0x00000000080052d0        0x0
 .rel.iplt      0x00000000080052d0        0x0 c:/st/stm32cubeide_1.5.1/stm32cubeide/plugins/com.st.stm32cube.ide.mcu.externaltools.gnu-tools-for-stm32.7-2018-q2-update.win32_1.5.0.202011040924/tools/bin/../lib/gcc/arm-none-eabi/7.3.1/thumb/v7e-m/fpv4-sp/hard/crtbegin.o

.preinit_array  0x00000000080052d0        0x0
                0x00000000080052d0                . = ALIGN (0x4)
                0x00000000080052d0                PROVIDE (__preinit_array_start = .)
 *(.preinit_array*)
                0x00000000080052d0                PROVIDE (__preinit_array_end = .)
                0x00000000080052d0                . = ALIGN (0x4)

.init_array     0x00000000080052d0        0x8
                0x00000000080052d0                . = ALIGN (0x4)
                0x00000000080052d0                PROVIDE (__init_array_start = .)
 *(SORT_BY_NAME(.init_array.*))
 *(.init_array*)
 .init_array    0x00000000080052d0        0x4 c:/st/stm32cubeide_1.5.1/stm32cubeide/plugins/com.st.stm32cube.ide.mcu.externaltools.gnu-tools-for-stm32.7-2018-q2-update.win32_1.5.0.202011040924/tools/bin/../lib/gcc/arm-none-eabi/7.3.1/thumb/v7e-m/fpv4-sp/hard/crtbegin.o
 .init_array    0x00000000080052d4        0x4 Core/Src/mainpp.o
                0x00000000080052d8                PROVIDE (__init_array_end = .)
                0x00000000080052d8                . = ALIGN (0x4)

.fini_array     0x00000000080052d8        0x4
                0x00000000080052d8                . = ALIGN (0x4)
                [!provide]                        PROVIDE (__fini_array_start = .)
 *(SORT_BY_NAME(.fini_array.*))
 *(.fini_array*)
 .fini_array    0x00000000080052d8        0x4 c:/st/stm32cubeide_1.5.1/stm32cubeide/plugins/com.st.stm32cube.ide.mcu.externaltools.gnu-tools-for-stm32.7-2018-q2-update.win32_1.5.0.202011040924/tools/bin/../lib/gcc/arm-none-eabi/7.3.1/thumb/v7e-m/fpv4-sp/hard/crtbegin.o
                [!provide]                        PROVIDE (__fini_array_end = .)
                0x00000000080052dc                . = ALIGN (0x4)
                0x00000000080052dc                _sidata = LOADADDR (.data)

.data           0x0000000020000000       0x84 load address 0x00000000080052dc
                0x0000000020000000                . = ALIGN (0x4)
                0x0000000020000000                _sdata = .
 *(.data)
 *(.data*)
 .data.hello    0x0000000020000000        0xd Core/Src/mainpp.o
                0x0000000020000000                hello
 *fill*         0x000000002000000d        0x3 
 .data.SystemCoreClock
                0x0000000020000010        0x4 Core/Src/system_stm32f4xx.o
                0x0000000020000010                SystemCoreClock
 .data.uwTickPrio
                0x0000000020000014        0x4 Drivers/STM32F4xx_HAL_Driver/Src/stm32f4xx_hal.o
                0x0000000020000014                uwTickPrio
 .data.uwTickFreq
                0x0000000020000018        0x1 Drivers/STM32F4xx_HAL_Driver/Src/stm32f4xx_hal.o
                0x0000000020000018                uwTickFreq
 *fill*         0x0000000020000019        0x3 
 .data._ZN10__cxxabiv119__terminate_handlerE
                0x000000002000001c        0x4 c:/st/stm32cubeide_1.5.1/stm32cubeide/plugins/com.st.stm32cube.ide.mcu.externaltools.gnu-tools-for-stm32.7-2018-q2-update.win32_1.5.0.202011040924/tools/bin/../lib/gcc/arm-none-eabi/7.3.1/../../../../arm-none-eabi/lib/thumb/v7e-m/fpv4-sp/hard\libstdc++_nano.a(eh_term_handler.o)
                0x000000002000001c                __cxxabiv1::__terminate_handler
 .data._impure_ptr
                0x0000000020000020        0x4 c:/st/stm32cubeide_1.5.1/stm32cubeide/plugins/com.st.stm32cube.ide.mcu.externaltools.gnu-tools-for-stm32.7-2018-q2-update.win32_1.5.0.202011040924/tools/bin/../lib/gcc/arm-none-eabi/7.3.1/../../../../arm-none-eabi/lib/thumb/v7e-m/fpv4-sp/hard\libc_nano.a(lib_a-impure.o)
                0x0000000020000020                _impure_ptr
 .data.impure_data
                0x0000000020000024       0x60 c:/st/stm32cubeide_1.5.1/stm32cubeide/plugins/com.st.stm32cube.ide.mcu.externaltools.gnu-tools-for-stm32.7-2018-q2-update.win32_1.5.0.202011040924/tools/bin/../lib/gcc/arm-none-eabi/7.3.1/../../../../arm-none-eabi/lib/thumb/v7e-m/fpv4-sp/hard\libc_nano.a(lib_a-impure.o)
 *(.RamFunc)
 *(.RamFunc*)
                0x0000000020000084                . = ALIGN (0x4)
                0x0000000020000084                _edata = .

.igot.plt       0x0000000020000084        0x0 load address 0x0000000008005360
 .igot.plt      0x0000000020000084        0x0 c:/st/stm32cubeide_1.5.1/stm32cubeide/plugins/com.st.stm32cube.ide.mcu.externaltools.gnu-tools-for-stm32.7-2018-q2-update.win32_1.5.0.202011040924/tools/bin/../lib/gcc/arm-none-eabi/7.3.1/thumb/v7e-m/fpv4-sp/hard/crtbegin.o
                0x0000000020000084                . = ALIGN (0x4)

.bss            0x0000000020000084      0xa8c load address 0x0000000008005360
                0x0000000020000084                _sbss = .
                0x0000000020000084                __bss_start__ = _sbss
 *(.bss)
 .bss           0x0000000020000084       0x1c c:/st/stm32cubeide_1.5.1/stm32cubeide/plugins/com.st.stm32cube.ide.mcu.externaltools.gnu-tools-for-stm32.7-2018-q2-update.win32_1.5.0.202011040924/tools/bin/../lib/gcc/arm-none-eabi/7.3.1/thumb/v7e-m/fpv4-sp/hard/crtbegin.o
 *(.bss*)
 .bss.huart2    0x00000000200000a0       0x40 Core/Src/main.o
                0x00000000200000a0                huart2
 .bss.hdma_usart2_rx
                0x00000000200000e0       0x60 Core/Src/main.o
                0x00000000200000e0                hdma_usart2_rx
 .bss.hdma_usart2_tx
                0x0000000020000140       0x60 Core/Src/main.o
                0x0000000020000140                hdma_usart2_tx
 .bss._ZZN13STM32Hardware5flushEvE5mutex
                0x00000000200001a0        0x1 Core/Src/mainpp.o
                0x00000000200001a0                STM32Hardware::flush()::mutex
 *fill*         0x00000000200001a1        0x3 
 .bss.nh        0x00000000200001a4      0x93c Core/Src/mainpp.o
                0x00000000200001a4                nh
 .bss.str_msg   0x0000000020000ae0        0x8 Core/Src/mainpp.o
                0x0000000020000ae0                str_msg
 .bss.chatter   0x0000000020000ae8       0x14 Core/Src/mainpp.o
                0x0000000020000ae8                chatter
 .bss.__sbrk_heap_end
                0x0000000020000afc        0x4 Core/Src/sysmem.o
 .bss.__malloc_free_list
                0x0000000020000b00        0x4 c:/st/stm32cubeide_1.5.1/stm32cubeide/plugins/com.st.stm32cube.ide.mcu.externaltools.gnu-tools-for-stm32.7-2018-q2-update.win32_1.5.0.202011040924/tools/bin/../lib/gcc/arm-none-eabi/7.3.1/../../../../arm-none-eabi/lib/thumb/v7e-m/fpv4-sp/hard\libc_nano.a(lib_a-nano-mallocr.o)
                0x0000000020000b00                __malloc_free_list
 .bss.__malloc_sbrk_start
                0x0000000020000b04        0x4 c:/st/stm32cubeide_1.5.1/stm32cubeide/plugins/com.st.stm32cube.ide.mcu.externaltools.gnu-tools-for-stm32.7-2018-q2-update.win32_1.5.0.202011040924/tools/bin/../lib/gcc/arm-none-eabi/7.3.1/../../../../arm-none-eabi/lib/thumb/v7e-m/fpv4-sp/hard\libc_nano.a(lib_a-nano-mallocr.o)
                0x0000000020000b04                __malloc_sbrk_start
 *(COMMON)
 COMMON         0x0000000020000b08        0x4 Drivers/STM32F4xx_HAL_Driver/Src/stm32f4xx_hal.o
                0x0000000020000b08                uwTick
 COMMON         0x0000000020000b0c        0x4 c:/st/stm32cubeide_1.5.1/stm32cubeide/plugins/com.st.stm32cube.ide.mcu.externaltools.gnu-tools-for-stm32.7-2018-q2-update.win32_1.5.0.202011040924/tools/bin/../lib/gcc/arm-none-eabi/7.3.1/../../../../arm-none-eabi/lib/thumb/v7e-m/fpv4-sp/hard\libc_nano.a(lib_a-reent.o)
                0x0000000020000b0c                errno
                0x0000000020000b10                . = ALIGN (0x4)
                0x0000000020000b10                _ebss = .
                0x0000000020000b10                __bss_end__ = _ebss

._user_heap_stack
                0x0000000020000b10      0x600 load address 0x0000000008005360
                0x0000000020000b10                . = ALIGN (0x8)
                [!provide]                        PROVIDE (end = .)
                0x0000000020000b10                PROVIDE (_end = .)
                0x0000000020000d10                . = (. + _Min_Heap_Size)
 *fill*         0x0000000020000b10      0x200 
                0x0000000020001110                . = (. + _Min_Stack_Size)
 *fill*         0x0000000020000d10      0x400 
                0x0000000020001110                . = ALIGN (0x8)

/DISCARD/
 libc.a(*)
 libm.a(*)
 libgcc.a(*)

.ARM.attributes
                0x0000000000000000       0x30
 *(.ARM.attributes)
 .ARM.attributes
                0x0000000000000000       0x22 c:/st/stm32cubeide_1.5.1/stm32cubeide/plugins/com.st.stm32cube.ide.mcu.externaltools.gnu-tools-for-stm32.7-2018-q2-update.win32_1.5.0.202011040924/tools/bin/../lib/gcc/arm-none-eabi/7.3.1/thumb/v7e-m/fpv4-sp/hard/crti.o
 .ARM.attributes
                0x0000000000000022       0x34 c:/st/stm32cubeide_1.5.1/stm32cubeide/plugins/com.st.stm32cube.ide.mcu.externaltools.gnu-tools-for-stm32.7-2018-q2-update.win32_1.5.0.202011040924/tools/bin/../lib/gcc/arm-none-eabi/7.3.1/thumb/v7e-m/fpv4-sp/hard/crtbegin.o
 .ARM.attributes
                0x0000000000000056       0x39 Core/Src/main.o
 .ARM.attributes
                0x000000000000008f       0x39 Core/Src/mainpp.o
 .ARM.attributes
                0x00000000000000c8       0x39 Core/Src/stm32f4xx_hal_msp.o
 .ARM.attributes
                0x0000000000000101       0x39 Core/Src/stm32f4xx_it.o
 .ARM.attributes
                0x000000000000013a       0x39 Core/Src/syscalls.o
 .ARM.attributes
                0x0000000000000173       0x39 Core/Src/sysmem.o
 .ARM.attributes
                0x00000000000001ac       0x39 Core/Src/system_stm32f4xx.o
 .ARM.attributes
                0x00000000000001e5       0x39 Core/Src/time.o
 .ARM.attributes
                0x000000000000021e       0x21 Core/Startup/startup_stm32f407vgtx.o
 .ARM.attributes
                0x000000000000023f       0x39 Drivers/STM32F4xx_HAL_Driver/Src/stm32f4xx_hal.o
 .ARM.attributes
                0x0000000000000278       0x39 Drivers/STM32F4xx_HAL_Driver/Src/stm32f4xx_hal_cortex.o
 .ARM.attributes
                0x00000000000002b1       0x39 Drivers/STM32F4xx_HAL_Driver/Src/stm32f4xx_hal_dma.o
 .ARM.attributes
                0x00000000000002ea       0x39 Drivers/STM32F4xx_HAL_Driver/Src/stm32f4xx_hal_gpio.o
 .ARM.attributes
                0x0000000000000323       0x39 Drivers/STM32F4xx_HAL_Driver/Src/stm32f4xx_hal_rcc.o
 .ARM.attributes
                0x000000000000035c       0x39 Drivers/STM32F4xx_HAL_Driver/Src/stm32f4xx_hal_uart.o
 .ARM.attributes
                0x0000000000000395       0x34 c:/st/stm32cubeide_1.5.1/stm32cubeide/plugins/com.st.stm32cube.ide.mcu.externaltools.gnu-tools-for-stm32.7-2018-q2-update.win32_1.5.0.202011040924/tools/bin/../lib/gcc/arm-none-eabi/7.3.1/../../../../arm-none-eabi/lib/thumb/v7e-m/fpv4-sp/hard\libstdc++_nano.a(pure.o)
 .ARM.attributes
                0x00000000000003c9       0x34 c:/st/stm32cubeide_1.5.1/stm32cubeide/plugins/com.st.stm32cube.ide.mcu.externaltools.gnu-tools-for-stm32.7-2018-q2-update.win32_1.5.0.202011040924/tools/bin/../lib/gcc/arm-none-eabi/7.3.1/../../../../arm-none-eabi/lib/thumb/v7e-m/fpv4-sp/hard\libstdc++_nano.a(eh_terminate.o)
 .ARM.attributes
                0x00000000000003fd       0x34 c:/st/stm32cubeide_1.5.1/stm32cubeide/plugins/com.st.stm32cube.ide.mcu.externaltools.gnu-tools-for-stm32.7-2018-q2-update.win32_1.5.0.202011040924/tools/bin/../lib/gcc/arm-none-eabi/7.3.1/../../../../arm-none-eabi/lib/thumb/v7e-m/fpv4-sp/hard\libstdc++_nano.a(eh_term_handler.o)
 .ARM.attributes
                0x0000000000000431       0x34 c:/st/stm32cubeide_1.5.1/stm32cubeide/plugins/com.st.stm32cube.ide.mcu.externaltools.gnu-tools-for-stm32.7-2018-q2-update.win32_1.5.0.202011040924/tools/bin/../lib/gcc/arm-none-eabi/7.3.1/../../../../arm-none-eabi/lib/thumb/v7e-m/fpv4-sp/hard\libc_nano.a(lib_a-abort.o)
 .ARM.attributes
                0x0000000000000465       0x34 c:/st/stm32cubeide_1.5.1/stm32cubeide/plugins/com.st.stm32cube.ide.mcu.externaltools.gnu-tools-for-stm32.7-2018-q2-update.win32_1.5.0.202011040924/tools/bin/../lib/gcc/arm-none-eabi/7.3.1/../../../../arm-none-eabi/lib/thumb/v7e-m/fpv4-sp/hard\libc_nano.a(lib_a-errno.o)
 .ARM.attributes
                0x0000000000000499       0x34 c:/st/stm32cubeide_1.5.1/stm32cubeide/plugins/com.st.stm32cube.ide.mcu.externaltools.gnu-tools-for-stm32.7-2018-q2-update.win32_1.5.0.202011040924/tools/bin/../lib/gcc/arm-none-eabi/7.3.1/../../../../arm-none-eabi/lib/thumb/v7e-m/fpv4-sp/hard\libc_nano.a(lib_a-impure.o)
 .ARM.attributes
                0x00000000000004cd       0x34 c:/st/stm32cubeide_1.5.1/stm32cubeide/plugins/com.st.stm32cube.ide.mcu.externaltools.gnu-tools-for-stm32.7-2018-q2-update.win32_1.5.0.202011040924/tools/bin/../lib/gcc/arm-none-eabi/7.3.1/../../../../arm-none-eabi/lib/thumb/v7e-m/fpv4-sp/hard\libc_nano.a(lib_a-init.o)
 .ARM.attributes
                0x0000000000000501       0x34 c:/st/stm32cubeide_1.5.1/stm32cubeide/plugins/com.st.stm32cube.ide.mcu.externaltools.gnu-tools-for-stm32.7-2018-q2-update.win32_1.5.0.202011040924/tools/bin/../lib/gcc/arm-none-eabi/7.3.1/../../../../arm-none-eabi/lib/thumb/v7e-m/fpv4-sp/hard\libc_nano.a(lib_a-memcpy-stub.o)
 .ARM.attributes
                0x0000000000000535       0x34 c:/st/stm32cubeide_1.5.1/stm32cubeide/plugins/com.st.stm32cube.ide.mcu.externaltools.gnu-tools-for-stm32.7-2018-q2-update.win32_1.5.0.202011040924/tools/bin/../lib/gcc/arm-none-eabi/7.3.1/../../../../arm-none-eabi/lib/thumb/v7e-m/fpv4-sp/hard\libc_nano.a(lib_a-memset.o)
 .ARM.attributes
                0x0000000000000569       0x34 c:/st/stm32cubeide_1.5.1/stm32cubeide/plugins/com.st.stm32cube.ide.mcu.externaltools.gnu-tools-for-stm32.7-2018-q2-update.win32_1.5.0.202011040924/tools/bin/../lib/gcc/arm-none-eabi/7.3.1/../../../../arm-none-eabi/lib/thumb/v7e-m/fpv4-sp/hard\libc_nano.a(lib_a-realloc.o)
 .ARM.attributes
                0x000000000000059d       0x34 c:/st/stm32cubeide_1.5.1/stm32cubeide/plugins/com.st.stm32cube.ide.mcu.externaltools.gnu-tools-for-stm32.7-2018-q2-update.win32_1.5.0.202011040924/tools/bin/../lib/gcc/arm-none-eabi/7.3.1/../../../../arm-none-eabi/lib/thumb/v7e-m/fpv4-sp/hard\libc_nano.a(lib_a-signal.o)
 .ARM.attributes
                0x00000000000005d1       0x34 c:/st/stm32cubeide_1.5.1/stm32cubeide/plugins/com.st.stm32cube.ide.mcu.externaltools.gnu-tools-for-stm32.7-2018-q2-update.win32_1.5.0.202011040924/tools/bin/../lib/gcc/arm-none-eabi/7.3.1/../../../../arm-none-eabi/lib/thumb/v7e-m/fpv4-sp/hard\libc_nano.a(lib_a-signalr.o)
 .ARM.attributes
                0x0000000000000605       0x1b c:/st/stm32cubeide_1.5.1/stm32cubeide/plugins/com.st.stm32cube.ide.mcu.externaltools.gnu-tools-for-stm32.7-2018-q2-update.win32_1.5.0.202011040924/tools/bin/../lib/gcc/arm-none-eabi/7.3.1/../../../../arm-none-eabi/lib/thumb/v7e-m/fpv4-sp/hard\libc_nano.a(lib_a-strlen.o)
 .ARM.attributes
                0x0000000000000620       0x34 c:/st/stm32cubeide_1.5.1/stm32cubeide/plugins/com.st.stm32cube.ide.mcu.externaltools.gnu-tools-for-stm32.7-2018-q2-update.win32_1.5.0.202011040924/tools/bin/../lib/gcc/arm-none-eabi/7.3.1/../../../../arm-none-eabi/lib/thumb/v7e-m/fpv4-sp/hard\libc_nano.a(lib_a-nano-mallocr.o)
 .ARM.attributes
                0x0000000000000654       0x34 c:/st/stm32cubeide_1.5.1/stm32cubeide/plugins/com.st.stm32cube.ide.mcu.externaltools.gnu-tools-for-stm32.7-2018-q2-update.win32_1.5.0.202011040924/tools/bin/../lib/gcc/arm-none-eabi/7.3.1/../../../../arm-none-eabi/lib/thumb/v7e-m/fpv4-sp/hard\libc_nano.a(lib_a-nano-reallocr.o)
 .ARM.attributes
                0x0000000000000688       0x34 c:/st/stm32cubeide_1.5.1/stm32cubeide/plugins/com.st.stm32cube.ide.mcu.externaltools.gnu-tools-for-stm32.7-2018-q2-update.win32_1.5.0.202011040924/tools/bin/../lib/gcc/arm-none-eabi/7.3.1/../../../../arm-none-eabi/lib/thumb/v7e-m/fpv4-sp/hard\libc_nano.a(lib_a-reent.o)
 .ARM.attributes
                0x00000000000006bc       0x34 c:/st/stm32cubeide_1.5.1/stm32cubeide/plugins/com.st.stm32cube.ide.mcu.externaltools.gnu-tools-for-stm32.7-2018-q2-update.win32_1.5.0.202011040924/tools/bin/../lib/gcc/arm-none-eabi/7.3.1/../../../../arm-none-eabi/lib/thumb/v7e-m/fpv4-sp/hard\libc_nano.a(lib_a-sbrkr.o)
 .ARM.attributes
                0x00000000000006f0       0x34 c:/st/stm32cubeide_1.5.1/stm32cubeide/plugins/com.st.stm32cube.ide.mcu.externaltools.gnu-tools-for-stm32.7-2018-q2-update.win32_1.5.0.202011040924/tools/bin/../lib/gcc/arm-none-eabi/7.3.1/../../../../arm-none-eabi/lib/thumb/v7e-m/fpv4-sp/hard\libc_nano.a(lib_a-mlock.o)
 .ARM.attributes
                0x0000000000000724       0x34 c:/st/stm32cubeide_1.5.1/stm32cubeide/plugins/com.st.stm32cube.ide.mcu.externaltools.gnu-tools-for-stm32.7-2018-q2-update.win32_1.5.0.202011040924/tools/bin/../lib/gcc/arm-none-eabi/7.3.1/../../../../arm-none-eabi/lib/thumb/v7e-m/fpv4-sp/hard\libc_nano.a(lib_a-nano-freer.o)
 .ARM.attributes
                0x0000000000000758       0x34 c:/st/stm32cubeide_1.5.1/stm32cubeide/plugins/com.st.stm32cube.ide.mcu.externaltools.gnu-tools-for-stm32.7-2018-q2-update.win32_1.5.0.202011040924/tools/bin/../lib/gcc/arm-none-eabi/7.3.1/../../../../arm-none-eabi/lib/thumb/v7e-m/fpv4-sp/hard\libc_nano.a(lib_a-nano-msizer.o)
 .ARM.attributes
                0x000000000000078c       0x22 c:/st/stm32cubeide_1.5.1/stm32cubeide/plugins/com.st.stm32cube.ide.mcu.externaltools.gnu-tools-for-stm32.7-2018-q2-update.win32_1.5.0.202011040924/tools/bin/../lib/gcc/arm-none-eabi/7.3.1/thumb/v7e-m/fpv4-sp/hard\libgcc.a(_aeabi_uldivmod.o)
 .ARM.attributes
                0x00000000000007ae       0x34 c:/st/stm32cubeide_1.5.1/stm32cubeide/plugins/com.st.stm32cube.ide.mcu.externaltools.gnu-tools-for-stm32.7-2018-q2-update.win32_1.5.0.202011040924/tools/bin/../lib/gcc/arm-none-eabi/7.3.1/thumb/v7e-m/fpv4-sp/hard\libgcc.a(_udivmoddi4.o)
 .ARM.attributes
                0x00000000000007e2       0x22 c:/st/stm32cubeide_1.5.1/stm32cubeide/plugins/com.st.stm32cube.ide.mcu.externaltools.gnu-tools-for-stm32.7-2018-q2-update.win32_1.5.0.202011040924/tools/bin/../lib/gcc/arm-none-eabi/7.3.1/thumb/v7e-m/fpv4-sp/hard\libgcc.a(_dvmd_tls.o)
 .ARM.attributes
                0x0000000000000804       0x22 c:/st/stm32cubeide_1.5.1/stm32cubeide/plugins/com.st.stm32cube.ide.mcu.externaltools.gnu-tools-for-stm32.7-2018-q2-update.win32_1.5.0.202011040924/tools/bin/../lib/gcc/arm-none-eabi/7.3.1/thumb/v7e-m/fpv4-sp/hard/crtn.o
OUTPUT(f4.elf elf32-littlearm)

.debug_info     0x0000000000000000     0xddcf
 .debug_info    0x0000000000000000      0xe74 Core/Src/main.o
 .debug_info    0x0000000000000e74     0x46ca Core/Src/mainpp.o
 .debug_info    0x000000000000553e      0xba1 Core/Src/stm32f4xx_hal_msp.o
 .debug_info    0x00000000000060df      0x6bd Core/Src/stm32f4xx_it.o
 .debug_info    0x000000000000679c      0xebd Core/Src/syscalls.o
 .debug_info    0x0000000000007659      0x985 Core/Src/sysmem.o
 .debug_info    0x0000000000007fde      0x554 Core/Src/system_stm32f4xx.o
 .debug_info    0x0000000000008532     0x14a1 Core/Src/time.o
 .debug_info    0x00000000000099d3       0x22 Core/Startup/startup_stm32f407vgtx.o
 .debug_info    0x00000000000099f5      0x945 Drivers/STM32F4xx_HAL_Driver/Src/stm32f4xx_hal.o
 .debug_info    0x000000000000a33a      0xe28 Drivers/STM32F4xx_HAL_Driver/Src/stm32f4xx_hal_cortex.o
 .debug_info    0x000000000000b162      0x968 Drivers/STM32F4xx_HAL_Driver/Src/stm32f4xx_hal_dma.o
 .debug_info    0x000000000000baca      0x7b5 Drivers/STM32F4xx_HAL_Driver/Src/stm32f4xx_hal_gpio.o
 .debug_info    0x000000000000c27f      0x904 Drivers/STM32F4xx_HAL_Driver/Src/stm32f4xx_hal_rcc.o
 .debug_info    0x000000000000cb83     0x124c Drivers/STM32F4xx_HAL_Driver/Src/stm32f4xx_hal_uart.o

.debug_abbrev   0x0000000000000000     0x2285
 .debug_abbrev  0x0000000000000000      0x209 Core/Src/main.o
 .debug_abbrev  0x0000000000000209      0x790 Core/Src/mainpp.o
 .debug_abbrev  0x0000000000000999      0x195 Core/Src/stm32f4xx_hal_msp.o
 .debug_abbrev  0x0000000000000b2e      0x149 Core/Src/stm32f4xx_it.o
 .debug_abbrev  0x0000000000000c77      0x261 Core/Src/syscalls.o
 .debug_abbrev  0x0000000000000ed8      0x19b Core/Src/sysmem.o
 .debug_abbrev  0x0000000000001073      0x12b Core/Src/system_stm32f4xx.o
 .debug_abbrev  0x000000000000119e      0x39b Core/Src/time.o
 .debug_abbrev  0x0000000000001539       0x12 Core/Startup/startup_stm32f407vgtx.o
 .debug_abbrev  0x000000000000154b      0x1c7 Drivers/STM32F4xx_HAL_Driver/Src/stm32f4xx_hal.o
 .debug_abbrev  0x0000000000001712      0x2fa Drivers/STM32F4xx_HAL_Driver/Src/stm32f4xx_hal_cortex.o
 .debug_abbrev  0x0000000000001a0c      0x229 Drivers/STM32F4xx_HAL_Driver/Src/stm32f4xx_hal_dma.o
 .debug_abbrev  0x0000000000001c35      0x1c9 Drivers/STM32F4xx_HAL_Driver/Src/stm32f4xx_hal_gpio.o
 .debug_abbrev  0x0000000000001dfe      0x245 Drivers/STM32F4xx_HAL_Driver/Src/stm32f4xx_hal_rcc.o
 .debug_abbrev  0x0000000000002043      0x242 Drivers/STM32F4xx_HAL_Driver/Src/stm32f4xx_hal_uart.o

.debug_aranges  0x0000000000000000      0x990
 .debug_aranges
                0x0000000000000000       0x48 Core/Src/main.o
 .debug_aranges
                0x0000000000000048      0x1f8 Core/Src/mainpp.o
 .debug_aranges
                0x0000000000000240       0x30 Core/Src/stm32f4xx_hal_msp.o
 .debug_aranges
                0x0000000000000270       0x78 Core/Src/stm32f4xx_it.o
 .debug_aranges
                0x00000000000002e8       0xa8 Core/Src/syscalls.o
 .debug_aranges
                0x0000000000000390       0x20 Core/Src/sysmem.o
 .debug_aranges
                0x00000000000003b0       0x28 Core/Src/system_stm32f4xx.o
 .debug_aranges
                0x00000000000003d8       0x48 Core/Src/time.o
 .debug_aranges
                0x0000000000000420       0x28 Core/Startup/startup_stm32f407vgtx.o
 .debug_aranges
                0x0000000000000448       0xf0 Drivers/STM32F4xx_HAL_Driver/Src/stm32f4xx_hal.o
 .debug_aranges
                0x0000000000000538      0x118 Drivers/STM32F4xx_HAL_Driver/Src/stm32f4xx_hal_cortex.o
 .debug_aranges
                0x0000000000000650       0x90 Drivers/STM32F4xx_HAL_Driver/Src/stm32f4xx_hal_dma.o
 .debug_aranges
                0x00000000000006e0       0x58 Drivers/STM32F4xx_HAL_Driver/Src/stm32f4xx_hal_gpio.o
 .debug_aranges
                0x0000000000000738       0x88 Drivers/STM32F4xx_HAL_Driver/Src/stm32f4xx_hal_rcc.o
 .debug_aranges
                0x00000000000007c0      0x1d0 Drivers/STM32F4xx_HAL_Driver/Src/stm32f4xx_hal_uart.o

.debug_ranges   0x0000000000000000      0x8c0
 .debug_ranges  0x0000000000000000       0x38 Core/Src/main.o
 .debug_ranges  0x0000000000000038      0x200 Core/Src/mainpp.o
 .debug_ranges  0x0000000000000238       0x20 Core/Src/stm32f4xx_hal_msp.o
 .debug_ranges  0x0000000000000258       0x68 Core/Src/stm32f4xx_it.o
 .debug_ranges  0x00000000000002c0       0x98 Core/Src/syscalls.o
 .debug_ranges  0x0000000000000358       0x10 Core/Src/sysmem.o
 .debug_ranges  0x0000000000000368       0x18 Core/Src/system_stm32f4xx.o
 .debug_ranges  0x0000000000000380       0x38 Core/Src/time.o
 .debug_ranges  0x00000000000003b8       0x20 Core/Startup/startup_stm32f407vgtx.o
 .debug_ranges  0x00000000000003d8       0xe0 Drivers/STM32F4xx_HAL_Driver/Src/stm32f4xx_hal.o
 .debug_ranges  0x00000000000004b8      0x108 Drivers/STM32F4xx_HAL_Driver/Src/stm32f4xx_hal_cortex.o
 .debug_ranges  0x00000000000005c0       0x80 Drivers/STM32F4xx_HAL_Driver/Src/stm32f4xx_hal_dma.o
 .debug_ranges  0x0000000000000640       0x48 Drivers/STM32F4xx_HAL_Driver/Src/stm32f4xx_hal_gpio.o
 .debug_ranges  0x0000000000000688       0x78 Drivers/STM32F4xx_HAL_Driver/Src/stm32f4xx_hal_rcc.o
 .debug_ranges  0x0000000000000700      0x1c0 Drivers/STM32F4xx_HAL_Driver/Src/stm32f4xx_hal_uart.o

.debug_macro    0x0000000000000000    0x21f4d
 .debug_macro   0x0000000000000000      0x1d3 Core/Src/main.o
 .debug_macro   0x00000000000001d3      0x28e Core/Src/main.o
 .debug_macro   0x0000000000000461       0x2e Core/Src/main.o
 .debug_macro   0x000000000000048f       0x2f Core/Src/main.o
 .debug_macro   0x00000000000004be       0x8e Core/Src/main.o
 .debug_macro   0x000000000000054c       0x51 Core/Src/main.o
 .debug_macro   0x000000000000059d       0x1c Core/Src/main.o
 .debug_macro   0x00000000000005b9       0x22 Core/Src/main.o
 .debug_macro   0x00000000000005db       0xdf Core/Src/main.o
 .debug_macro   0x00000000000006ba     0x102d Core/Src/main.o
 .debug_macro   0x00000000000016e7      0x11f Core/Src/main.o
 .debug_macro   0x0000000000001806    0x15e3c Core/Src/main.o
 .debug_macro   0x0000000000017642       0x43 Core/Src/main.o
 .debug_macro   0x0000000000017685     0x3659 Core/Src/main.o
 .debug_macro   0x000000000001acde       0x5a Core/Src/main.o
 .debug_macro   0x000000000001ad38      0x96b Core/Src/main.o
 .debug_macro   0x000000000001b6a3      0x9fe Core/Src/main.o
 .debug_macro   0x000000000001c0a1      0x117 Core/Src/main.o
 .debug_macro   0x000000000001c1b8      0x13e Core/Src/main.o
 .debug_macro   0x000000000001c2f6       0x27 Core/Src/main.o
 .debug_macro   0x000000000001c31d      0x174 Core/Src/main.o
 .debug_macro   0x000000000001c491      0x287 Core/Src/main.o
 .debug_macro   0x000000000001c718       0x5f Core/Src/main.o
 .debug_macro   0x000000000001c777      0x236 Core/Src/main.o
 .debug_macro   0x000000000001c9ad      0x12c Core/Src/main.o
 .debug_macro   0x000000000001cad9      0x21e Core/Src/main.o
 .debug_macro   0x000000000001ccf7       0x2e Core/Src/main.o
 .debug_macro   0x000000000001cd25      0x11a Core/Src/main.o
 .debug_macro   0x000000000001ce3f       0x7e Core/Src/main.o
 .debug_macro   0x000000000001cebd       0x89 Core/Src/main.o
 .debug_macro   0x000000000001cf46      0x287 Core/Src/main.o
 .debug_macro   0x000000000001d1cd      0x12d Core/Src/main.o
 .debug_macro   0x000000000001d2fa      0x401 Core/Src/mainpp.o
 .debug_macro   0x000000000001d6fb       0x46 Core/Src/mainpp.o
 .debug_macro   0x000000000001d741       0x10 Core/Src/mainpp.o
 .debug_macro   0x000000000001d751       0x20 Core/Src/mainpp.o
 .debug_macro   0x000000000001d771       0x10 Core/Src/mainpp.o
 .debug_macro   0x000000000001d781       0x1c Core/Src/mainpp.o
 .debug_macro   0x000000000001d79d       0xde Core/Src/mainpp.o
 .debug_macro   0x000000000001d87b       0x8e Core/Src/mainpp.o
 .debug_macro   0x000000000001d909      0x3cd Core/Src/mainpp.o
 .debug_macro   0x000000000001dcd6       0x10 Core/Src/mainpp.o
 .debug_macro   0x000000000001dce6       0xd9 Core/Src/mainpp.o
 .debug_macro   0x000000000001ddbf       0x54 Core/Src/mainpp.o
 .debug_macro   0x000000000001de13      0x1c4 Core/Src/stm32f4xx_hal_msp.o
 .debug_macro   0x000000000001dfd7      0xa5a Core/Src/stm32f4xx_hal_msp.o
 .debug_macro   0x000000000001ea31     0x102d Core/Src/stm32f4xx_hal_msp.o
 .debug_macro   0x000000000001fa5e      0x174 Core/Src/stm32f4xx_hal_msp.o
 .debug_macro   0x000000000001fbd2      0x1ce Core/Src/stm32f4xx_it.o
 .debug_macro   0x000000000001fda0      0x243 Core/Src/syscalls.o
 .debug_macro   0x000000000001ffe3       0x34 Core/Src/syscalls.o
 .debug_macro   0x0000000000020017      0x330 Core/Src/syscalls.o
 .debug_macro   0x0000000000020347       0x43 Core/Src/syscalls.o
 .debug_macro   0x000000000002038a       0x10 Core/Src/syscalls.o
 .debug_macro   0x000000000002039a       0x35 Core/Src/syscalls.o
 .debug_macro   0x00000000000203cf       0x10 Core/Src/syscalls.o
 .debug_macro   0x00000000000203df       0x10 Core/Src/syscalls.o
 .debug_macro   0x00000000000203ef       0x10 Core/Src/syscalls.o
 .debug_macro   0x00000000000203ff       0x1c Core/Src/syscalls.o
 .debug_macro   0x000000000002041b       0x52 Core/Src/syscalls.o
 .debug_macro   0x000000000002046d       0x40 Core/Src/syscalls.o
 .debug_macro   0x00000000000204ad       0x10 Core/Src/syscalls.o
 .debug_macro   0x00000000000204bd       0x40 Core/Src/syscalls.o
 .debug_macro   0x00000000000204fd       0xd7 Core/Src/syscalls.o
 .debug_macro   0x00000000000205d4       0x1c Core/Src/syscalls.o
 .debug_macro   0x00000000000205f0       0x3d Core/Src/syscalls.o
 .debug_macro   0x000000000002062d       0x35 Core/Src/syscalls.o
 .debug_macro   0x0000000000020662      0x122 Core/Src/syscalls.o
 .debug_macro   0x0000000000020784       0x10 Core/Src/syscalls.o
 .debug_macro   0x0000000000020794      0x241 Core/Src/syscalls.o
 .debug_macro   0x00000000000209d5       0x1c Core/Src/syscalls.o
 .debug_macro   0x00000000000209f1       0x10 Core/Src/syscalls.o
 .debug_macro   0x0000000000020a01       0x10 Core/Src/syscalls.o
 .debug_macro   0x0000000000020a11       0x16 Core/Src/syscalls.o
 .debug_macro   0x0000000000020a27      0x145 Core/Src/syscalls.o
 .debug_macro   0x0000000000020b6c      0x189 Core/Src/syscalls.o
 .debug_macro   0x0000000000020cf5       0x16 Core/Src/syscalls.o
 .debug_macro   0x0000000000020d0b       0x88 Core/Src/syscalls.o
 .debug_macro   0x0000000000020d93       0xee Core/Src/sysmem.o
 .debug_macro   0x0000000000020e81      0x23b Core/Src/sysmem.o
 .debug_macro   0x00000000000210bc      0x1c0 Core/Src/system_stm32f4xx.o
 .debug_macro   0x000000000002127c      0x1b4 Core/Src/time.o
 .debug_macro   0x0000000000021430      0x21a Drivers/STM32F4xx_HAL_Driver/Src/stm32f4xx_hal.o
 .debug_macro   0x000000000002164a      0x1ba Drivers/STM32F4xx_HAL_Driver/Src/stm32f4xx_hal_cortex.o
 .debug_macro   0x0000000000021804      0x1c0 Drivers/STM32F4xx_HAL_Driver/Src/stm32f4xx_hal_dma.o
 .debug_macro   0x00000000000219c4      0x1f0 Drivers/STM32F4xx_HAL_Driver/Src/stm32f4xx_hal_gpio.o
 .debug_macro   0x0000000000021bb4      0x1de Drivers/STM32F4xx_HAL_Driver/Src/stm32f4xx_hal_rcc.o
 .debug_macro   0x0000000000021d92      0x1bb Drivers/STM32F4xx_HAL_Driver/Src/stm32f4xx_hal_uart.o

.debug_line     0x0000000000000000     0x8393
 .debug_line    0x0000000000000000      0x728 Core/Src/main.o
 .debug_line    0x0000000000000728     0x14f1 Core/Src/mainpp.o
 .debug_line    0x0000000000001c19      0x6de Core/Src/stm32f4xx_hal_msp.o
 .debug_line    0x00000000000022f7      0x76e Core/Src/stm32f4xx_it.o
 .debug_line    0x0000000000002a65      0x73e Core/Src/syscalls.o
 .debug_line    0x00000000000031a3      0x4c7 Core/Src/sysmem.o
 .debug_line    0x000000000000366a      0x6ab Core/Src/system_stm32f4xx.o
 .debug_line    0x0000000000003d15      0x944 Core/Src/time.o
 .debug_line    0x0000000000004659       0x85 Core/Startup/startup_stm32f407vgtx.o
 .debug_line    0x00000000000046de      0x895 Drivers/STM32F4xx_HAL_Driver/Src/stm32f4xx_hal.o
 .debug_line    0x0000000000004f73      0x9b9 Drivers/STM32F4xx_HAL_Driver/Src/stm32f4xx_hal_cortex.o
 .debug_line    0x000000000000592c      0x963 Drivers/STM32F4xx_HAL_Driver/Src/stm32f4xx_hal_dma.o
 .debug_line    0x000000000000628f      0x874 Drivers/STM32F4xx_HAL_Driver/Src/stm32f4xx_hal_gpio.o
 .debug_line    0x0000000000006b03      0x8ed Drivers/STM32F4xx_HAL_Driver/Src/stm32f4xx_hal_rcc.o
 .debug_line    0x00000000000073f0      0xfa3 Drivers/STM32F4xx_HAL_Driver/Src/stm32f4xx_hal_uart.o

.debug_str      0x0000000000000000    0xc7d77
 .debug_str     0x0000000000000000    0xbcb97 Core/Src/main.o
                                      0xbd014 (size before relaxing)
 .debug_str     0x00000000000bcb97     0x7462 Core/Src/mainpp.o
                                      0xc3dd7 (size before relaxing)
 .debug_str     0x00000000000c3ff9      0x21c Core/Src/stm32f4xx_hal_msp.o
                                      0xbc834 (size before relaxing)
 .debug_str     0x00000000000c4215       0xff Core/Src/stm32f4xx_it.o
                                      0xbc265 (size before relaxing)
 .debug_str     0x00000000000c4314     0x233d Core/Src/syscalls.o
                                       0x8890 (size before relaxing)
 .debug_str     0x00000000000c6651       0x6b Core/Src/sysmem.o
                                       0x5f5e (size before relaxing)
 .debug_str     0x00000000000c66bc       0xc4 Core/Src/system_stm32f4xx.o
                                      0xbbee7 (size before relaxing)
 .debug_str     0x00000000000c6780       0x65 Core/Src/time.o
                                       0x9b8e (size before relaxing)
 .debug_str     0x00000000000c67e5       0x36 Core/Startup/startup_stm32f407vgtx.o
                                         0x6b (size before relaxing)
 .debug_str     0x00000000000c681b      0x576 Drivers/STM32F4xx_HAL_Driver/Src/stm32f4xx_hal.o
                                      0xbc9b4 (size before relaxing)
 .debug_str     0x00000000000c6d91      0x386 Drivers/STM32F4xx_HAL_Driver/Src/stm32f4xx_hal_cortex.o
                                      0xbc7a3 (size before relaxing)
 .debug_str     0x00000000000c7117      0x322 Drivers/STM32F4xx_HAL_Driver/Src/stm32f4xx_hal_dma.o
                                      0xbc2fc (size before relaxing)
 .debug_str     0x00000000000c7439      0x1fe Drivers/STM32F4xx_HAL_Driver/Src/stm32f4xx_hal_gpio.o
                                      0xbc126 (size before relaxing)
 .debug_str     0x00000000000c7637      0x24e Drivers/STM32F4xx_HAL_Driver/Src/stm32f4xx_hal_rcc.o
                                      0xbc2d4 (size before relaxing)
 .debug_str     0x00000000000c7885      0x4f2 Drivers/STM32F4xx_HAL_Driver/Src/stm32f4xx_hal_uart.o
                                      0xbc733 (size before relaxing)

.comment        0x0000000000000000       0x7b
 .comment       0x0000000000000000       0x7b Core/Src/main.o
                                         0x7c (size before relaxing)
 .comment       0x000000000000007b       0x7c Core/Src/mainpp.o
 .comment       0x000000000000007b       0x7c Core/Src/stm32f4xx_hal_msp.o
 .comment       0x000000000000007b       0x7c Core/Src/stm32f4xx_it.o
 .comment       0x000000000000007b       0x7c Core/Src/syscalls.o
 .comment       0x000000000000007b       0x7c Core/Src/sysmem.o
 .comment       0x000000000000007b       0x7c Core/Src/system_stm32f4xx.o
 .comment       0x000000000000007b       0x7c Core/Src/time.o
 .comment       0x000000000000007b       0x7c Drivers/STM32F4xx_HAL_Driver/Src/stm32f4xx_hal.o
 .comment       0x000000000000007b       0x7c Drivers/STM32F4xx_HAL_Driver/Src/stm32f4xx_hal_cortex.o
 .comment       0x000000000000007b       0x7c Drivers/STM32F4xx_HAL_Driver/Src/stm32f4xx_hal_dma.o
 .comment       0x000000000000007b       0x7c Drivers/STM32F4xx_HAL_Driver/Src/stm32f4xx_hal_gpio.o
 .comment       0x000000000000007b       0x7c Drivers/STM32F4xx_HAL_Driver/Src/stm32f4xx_hal_rcc.o
 .comment       0x000000000000007b       0x7c Drivers/STM32F4xx_HAL_Driver/Src/stm32f4xx_hal_uart.o

.debug_frame    0x0000000000000000     0x2a30
 .debug_frame   0x0000000000000000       0xcc Core/Src/main.o
 .debug_frame   0x00000000000000cc      0x8dc Core/Src/mainpp.o
 .debug_frame   0x00000000000009a8       0x80 Core/Src/stm32f4xx_hal_msp.o
 .debug_frame   0x0000000000000a28      0x158 Core/Src/stm32f4xx_it.o
 .debug_frame   0x0000000000000b80      0x2ac Core/Src/syscalls.o
 .debug_frame   0x0000000000000e2c       0x34 Core/Src/sysmem.o
 .debug_frame   0x0000000000000e60       0x58 Core/Src/system_stm32f4xx.o
 .debug_frame   0x0000000000000eb8       0xf0 Core/Src/time.o
 .debug_frame   0x0000000000000fa8      0x374 Drivers/STM32F4xx_HAL_Driver/Src/stm32f4xx_hal.o
 .debug_frame   0x000000000000131c      0x498 Drivers/STM32F4xx_HAL_Driver/Src/stm32f4xx_hal_cortex.o
 .debug_frame   0x00000000000017b4      0x250 Drivers/STM32F4xx_HAL_Driver/Src/stm32f4xx_hal_dma.o
 .debug_frame   0x0000000000001a04      0x14c Drivers/STM32F4xx_HAL_Driver/Src/stm32f4xx_hal_gpio.o
 .debug_frame   0x0000000000001b50      0x1f0 Drivers/STM32F4xx_HAL_Driver/Src/stm32f4xx_hal_rcc.o
 .debug_frame   0x0000000000001d40      0x844 Drivers/STM32F4xx_HAL_Driver/Src/stm32f4xx_hal_uart.o
 .debug_frame   0x0000000000002584       0x40 c:/st/stm32cubeide_1.5.1/stm32cubeide/plugins/com.st.stm32cube.ide.mcu.externaltools.gnu-tools-for-stm32.7-2018-q2-update.win32_1.5.0.202011040924/tools/bin/../lib/gcc/arm-none-eabi/7.3.1/../../../../arm-none-eabi/lib/thumb/v7e-m/fpv4-sp/hard\libstdc++_nano.a(pure.o)
 .debug_frame   0x00000000000025c4       0xb0 c:/st/stm32cubeide_1.5.1/stm32cubeide/plugins/com.st.stm32cube.ide.mcu.externaltools.gnu-tools-for-stm32.7-2018-q2-update.win32_1.5.0.202011040924/tools/bin/../lib/gcc/arm-none-eabi/7.3.1/../../../../arm-none-eabi/lib/thumb/v7e-m/fpv4-sp/hard\libstdc++_nano.a(eh_terminate.o)
 .debug_frame   0x0000000000002674       0x28 c:/st/stm32cubeide_1.5.1/stm32cubeide/plugins/com.st.stm32cube.ide.mcu.externaltools.gnu-tools-for-stm32.7-2018-q2-update.win32_1.5.0.202011040924/tools/bin/../lib/gcc/arm-none-eabi/7.3.1/../../../../arm-none-eabi/lib/thumb/v7e-m/fpv4-sp/hard\libc_nano.a(lib_a-abort.o)
 .debug_frame   0x000000000000269c       0x20 c:/st/stm32cubeide_1.5.1/stm32cubeide/plugins/com.st.stm32cube.ide.mcu.externaltools.gnu-tools-for-stm32.7-2018-q2-update.win32_1.5.0.202011040924/tools/bin/../lib/gcc/arm-none-eabi/7.3.1/../../../../arm-none-eabi/lib/thumb/v7e-m/fpv4-sp/hard\libc_nano.a(lib_a-errno.o)
 .debug_frame   0x00000000000026bc       0x2c c:/st/stm32cubeide_1.5.1/stm32cubeide/plugins/com.st.stm32cube.ide.mcu.externaltools.gnu-tools-for-stm32.7-2018-q2-update.win32_1.5.0.202011040924/tools/bin/../lib/gcc/arm-none-eabi/7.3.1/../../../../arm-none-eabi/lib/thumb/v7e-m/fpv4-sp/hard\libc_nano.a(lib_a-init.o)
 .debug_frame   0x00000000000026e8       0x28 c:/st/stm32cubeide_1.5.1/stm32cubeide/plugins/com.st.stm32cube.ide.mcu.externaltools.gnu-tools-for-stm32.7-2018-q2-update.win32_1.5.0.202011040924/tools/bin/../lib/gcc/arm-none-eabi/7.3.1/../../../../arm-none-eabi/lib/thumb/v7e-m/fpv4-sp/hard\libc_nano.a(lib_a-memcpy-stub.o)
 .debug_frame   0x0000000000002710       0x20 c:/st/stm32cubeide_1.5.1/stm32cubeide/plugins/com.st.stm32cube.ide.mcu.externaltools.gnu-tools-for-stm32.7-2018-q2-update.win32_1.5.0.202011040924/tools/bin/../lib/gcc/arm-none-eabi/7.3.1/../../../../arm-none-eabi/lib/thumb/v7e-m/fpv4-sp/hard\libc_nano.a(lib_a-memset.o)
 .debug_frame   0x0000000000002730       0x20 c:/st/stm32cubeide_1.5.1/stm32cubeide/plugins/com.st.stm32cube.ide.mcu.externaltools.gnu-tools-for-stm32.7-2018-q2-update.win32_1.5.0.202011040924/tools/bin/../lib/gcc/arm-none-eabi/7.3.1/../../../../arm-none-eabi/lib/thumb/v7e-m/fpv4-sp/hard\libc_nano.a(lib_a-realloc.o)
 .debug_frame   0x0000000000002750       0xcc c:/st/stm32cubeide_1.5.1/stm32cubeide/plugins/com.st.stm32cube.ide.mcu.externaltools.gnu-tools-for-stm32.7-2018-q2-update.win32_1.5.0.202011040924/tools/bin/../lib/gcc/arm-none-eabi/7.3.1/../../../../arm-none-eabi/lib/thumb/v7e-m/fpv4-sp/hard\libc_nano.a(lib_a-signal.o)
 .debug_frame   0x000000000000281c       0x3c c:/st/stm32cubeide_1.5.1/stm32cubeide/plugins/com.st.stm32cube.ide.mcu.externaltools.gnu-tools-for-stm32.7-2018-q2-update.win32_1.5.0.202011040924/tools/bin/../lib/gcc/arm-none-eabi/7.3.1/../../../../arm-none-eabi/lib/thumb/v7e-m/fpv4-sp/hard\libc_nano.a(lib_a-signalr.o)
 .debug_frame   0x0000000000002858       0x2c c:/st/stm32cubeide_1.5.1/stm32cubeide/plugins/com.st.stm32cube.ide.mcu.externaltools.gnu-tools-for-stm32.7-2018-q2-update.win32_1.5.0.202011040924/tools/bin/../lib/gcc/arm-none-eabi/7.3.1/../../../../arm-none-eabi/lib/thumb/v7e-m/fpv4-sp/hard\libc_nano.a(lib_a-nano-mallocr.o)